*** EVALUATION ***
PROGRAM "SDCardTest.abs"

*********************************************************************************************
TARGET SECTION
---------------------------------------------------------------------------------------------
Processor   : Freescale HC08
Memory Model: SMALL
File Format : ELF\DWARF 2.0
Linker      : SmartLinker V-5.0.50 Build 13087, Mar 29 2013

*********************************************************************************************
FILE SECTION
---------------------------------------------------------------------------------------------
Events_c.obj                            Model: SMALL,         Lang: ANSI-C
Fat_c.obj                               Model: SMALL,         Lang: ANSI-C
ProcessorExpert_c.obj                   Model: SMALL,         Lang: ANSI-C
SD_c.obj                                Model: SMALL,         Lang: ANSI-C
SPI_c.obj                               Model: SMALL,         Lang: ANSI-C
Vib_Cont_01_c.obj                       Model: SMALL,         Lang: ANSI-C
start08_c.obj                           Model: SMALL,         Lang: ANSI-C
AD1_c.obj                               Model: SMALL,         Lang: ANSI-C
Cpu_c.obj                               Model: SMALL,         Lang: ANSI-C
IO_Map_c.obj                            Model: SMALL,         Lang: ANSI-C
SM1_c.obj                               Model: SMALL,         Lang: ANSI-C
Vectors_c.obj                           Model: SMALL,         Lang: ANSI-C
filterTimer_c.obj                       Model: SMALL,         Lang: ANSI-C
sampleTimer_c.obj                       Model: SMALL,         Lang: ANSI-C
rtshc08.o (ansiis.lib)                  Model: SMALL,         Lang: ANSI-C

*********************************************************************************************
STARTUP SECTION
---------------------------------------------------------------------------------------------
Entry point: 0x1964 (_EntryPoint)
_startupData is allocated at 0x1A1E and uses 6 Bytes
extern struct _tagStartup {
  unsigned nofZeroOut     1
  _Range   pZeroOut       0xD0     2671
  _Copy    *toCopyDownBeg 0x302D
} _startupData;

*********************************************************************************************
SECTION-ALLOCATION SECTION
Section Name                    Size  Type     From       To       Segment
---------------------------------------------------------------------------------------------
.text                           5611     R     0x1A30     0x301A   ROM
.rodata1                          18     R     0x301B     0x302C   ROM
.abs_section_ffbd                  1     R     0xFFBD     0xFFBD   .absSeg0
.abs_section_ffbf                  1     R     0xFFBF     0xFFBF   .absSeg1
.abs_section_0                     1   N/I        0x0        0x0   .absSeg2
.abs_section_1                     1   N/I        0x1        0x1   .absSeg3
.abs_section_2                     1   N/I        0x2        0x2   .absSeg4
.abs_section_3                     1   N/I        0x3        0x3   .absSeg5
.abs_section_4                     1   N/I        0x4        0x4   .absSeg6
.abs_section_5                     1   N/I        0x5        0x5   .absSeg7
.abs_section_6                     1   N/I        0x6        0x6   .absSeg8
.abs_section_7                     1   N/I        0x7        0x7   .absSeg9
.abs_section_8                     1   N/I        0x8        0x8   .absSeg10
.abs_section_9                     1   N/I        0x9        0x9   .absSeg11
.abs_section_a                     1   N/I        0xA        0xA   .absSeg12
.abs_section_b                     1   N/I        0xB        0xB   .absSeg13
.abs_section_c                     1   N/I        0xC        0xC   .absSeg14
.abs_section_d                     1   N/I        0xD        0xD   .absSeg15
.abs_section_e                     1   N/I        0xE        0xE   .absSeg16
.abs_section_10                    1   N/I       0x10       0x10   .absSeg17
.abs_section_11                    1   N/I       0x11       0x11   .absSeg18
.abs_section_16                    1   N/I       0x16       0x16   .absSeg19
.abs_section_17                    1   N/I       0x17       0x17   .absSeg20
.abs_section_18                    1   N/I       0x18       0x18   .absSeg21
.abs_section_1b                    1   N/I       0x1B       0x1B   .absSeg22
.abs_section_1c                    1   N/I       0x1C       0x1C   .absSeg23
.abs_section_1d                    1   N/I       0x1D       0x1D   .absSeg24
.abs_section_1e                    1   N/I       0x1E       0x1E   .absSeg25
.abs_section_20                    1   N/I       0x20       0x20   .absSeg26
.abs_section_25                    1   N/I       0x25       0x25   .absSeg27
.abs_section_28                    1   N/I       0x28       0x28   .absSeg28
.abs_section_2b                    1   N/I       0x2B       0x2B   .absSeg29
.abs_section_2e                    1   N/I       0x2E       0x2E   .absSeg30
.abs_section_31                    1   N/I       0x31       0x31   .absSeg31
.abs_section_34                    1   N/I       0x34       0x34   .absSeg32
.abs_section_3a                    1   N/I       0x3A       0x3A   .absSeg33
.abs_section_3b                    1   N/I       0x3B       0x3B   .absSeg34
.abs_section_3c                    1   N/I       0x3C       0x3C   .absSeg35
.abs_section_3d                    1   N/I       0x3D       0x3D   .absSeg36
.abs_section_3e                    1   N/I       0x3E       0x3E   .absSeg37
.abs_section_3f                    1   N/I       0x3F       0x3F   .absSeg38
.abs_section_42                    1   N/I       0x42       0x42   .absSeg39
.abs_section_43                    1   N/I       0x43       0x43   .absSeg40
.abs_section_44                    1   N/I       0x44       0x44   .absSeg41
.abs_section_45                    1   N/I       0x45       0x45   .absSeg42
.abs_section_46                    1   N/I       0x46       0x46   .absSeg43
.abs_section_47                    1   N/I       0x47       0x47   .absSeg44
.abs_section_48                    1   N/I       0x48       0x48   .absSeg45
.abs_section_49                    1   N/I       0x49       0x49   .absSeg46
.abs_section_4a                    1   N/I       0x4A       0x4A   .absSeg47
.abs_section_4b                    1   N/I       0x4B       0x4B   .absSeg48
.abs_section_4c                    1   N/I       0x4C       0x4C   .absSeg49
.abs_section_50                    1   N/I       0x50       0x50   .absSeg50
.abs_section_51                    1   N/I       0x51       0x51   .absSeg51
.abs_section_52                    1   N/I       0x52       0x52   .absSeg52
.abs_section_53                    1   N/I       0x53       0x53   .absSeg53
.abs_section_58                    1   N/I       0x58       0x58   .absSeg54
.abs_section_59                    1   N/I       0x59       0x59   .absSeg55
.abs_section_5a                    1   N/I       0x5A       0x5A   .absSeg56
.abs_section_5b                    1   N/I       0x5B       0x5B   .absSeg57
.abs_section_5c                    1   N/I       0x5C       0x5C   .absSeg58
.abs_section_5d                    1   N/I       0x5D       0x5D   .absSeg59
.abs_section_60                    1   N/I       0x60       0x60   .absSeg60
.abs_section_65                    1   N/I       0x65       0x65   .absSeg61
.abs_section_68                    1   N/I       0x68       0x68   .absSeg62
.abs_section_6c                    1   N/I       0x6C       0x6C   .absSeg63
.abs_section_6d                    1   N/I       0x6D       0x6D   .absSeg64
.abs_section_6e                    1   N/I       0x6E       0x6E   .absSeg65
.abs_section_70                    1   N/I       0x70       0x70   .absSeg66
.abs_section_71                    1   N/I       0x71       0x71   .absSeg67
.abs_section_72                    1   N/I       0x72       0x72   .absSeg68
.abs_section_73                    1   N/I       0x73       0x73   .absSeg69
.abs_section_80                    1   N/I       0x80       0x80   .absSeg70
.abs_section_88                    1   N/I       0x88       0x88   .absSeg71
.abs_section_89                    1   N/I       0x89       0x89   .absSeg72
.abs_section_8a                    1   N/I       0x8A       0x8A   .absSeg73
.abs_section_90                    1   N/I       0x90       0x90   .absSeg74
.abs_section_91                    1   N/I       0x91       0x91   .absSeg75
.abs_section_92                    1   N/I       0x92       0x92   .absSeg76
.abs_section_93                    1   N/I       0x93       0x93   .absSeg77
.abs_section_94                    1   N/I       0x94       0x94   .absSeg78
.abs_section_95                    1   N/I       0x95       0x95   .absSeg79
.abs_section_96                    1   N/I       0x96       0x96   .absSeg80
.abs_section_97                    1   N/I       0x97       0x97   .absSeg81
.abs_section_98                    1   N/I       0x98       0x98   .absSeg82
.abs_section_9d                    1   N/I       0x9D       0x9D   .absSeg83
.abs_section_9e                    1   N/I       0x9E       0x9E   .absSeg84
.abs_section_9f                    1   N/I       0x9F       0x9F   .absSeg85
.abs_section_a0                    1   N/I       0xA0       0xA0   .absSeg86
.abs_section_a1                    1   N/I       0xA1       0xA1   .absSeg87
.abs_section_a2                    1   N/I       0xA2       0xA2   .absSeg88
.abs_section_a3                    1   N/I       0xA3       0xA3   .absSeg89
.abs_section_1800                  1   N/I     0x1800     0x1800   .absSeg90
.abs_section_1801                  1   N/I     0x1801     0x1801   .absSeg91
.abs_section_1802                  1   N/I     0x1802     0x1802   .absSeg92
.abs_section_1803                  1   N/I     0x1803     0x1803   .absSeg93
.abs_section_1809                  1   N/I     0x1809     0x1809   .absSeg94
.abs_section_180a                  1   N/I     0x180A     0x180A   .absSeg95
.abs_section_1816                  1   N/I     0x1816     0x1816   .absSeg96
.abs_section_1817                  1   N/I     0x1817     0x1817   .absSeg97
.abs_section_1818                  1   N/I     0x1818     0x1818   .absSeg98
.abs_section_1820                  1   N/I     0x1820     0x1820   .absSeg99
.abs_section_1821                  1   N/I     0x1821     0x1821   .absSeg100
.abs_section_1823                  1   N/I     0x1823     0x1823   .absSeg101
.abs_section_1824                  1   N/I     0x1824     0x1824   .absSeg102
.abs_section_1825                  1   N/I     0x1825     0x1825   .absSeg103
.abs_section_1826                  1   N/I     0x1826     0x1826   .absSeg104
.abs_section_1840                  1   N/I     0x1840     0x1840   .absSeg105
.abs_section_1841                  1   N/I     0x1841     0x1841   .absSeg106
.abs_section_1842                  1   N/I     0x1842     0x1842   .absSeg107
.abs_section_1844                  1   N/I     0x1844     0x1844   .absSeg108
.abs_section_1845                  1   N/I     0x1845     0x1845   .absSeg109
.abs_section_1846                  1   N/I     0x1846     0x1846   .absSeg110
.abs_section_1848                  1   N/I     0x1848     0x1848   .absSeg111
.abs_section_1849                  1   N/I     0x1849     0x1849   .absSeg112
.abs_section_184a                  1   N/I     0x184A     0x184A   .absSeg113
.abs_section_184c                  1   N/I     0x184C     0x184C   .absSeg114
.abs_section_184d                  1   N/I     0x184D     0x184D   .absSeg115
.abs_section_184e                  1   N/I     0x184E     0x184E   .absSeg116
.abs_section_1850                  1   N/I     0x1850     0x1850   .absSeg117
.abs_section_1851                  1   N/I     0x1851     0x1851   .absSeg118
.abs_section_1852                  1   N/I     0x1852     0x1852   .absSeg119
.abs_section_1854                  1   N/I     0x1854     0x1854   .absSeg120
.abs_section_1855                  1   N/I     0x1855     0x1855   .absSeg121
.abs_section_1856                  1   N/I     0x1856     0x1856   .absSeg122
.abs_section_1858                  1   N/I     0x1858     0x1858   .absSeg123
.abs_section_1859                  1   N/I     0x1859     0x1859   .absSeg124
.abs_section_185a                  1   N/I     0x185A     0x185A   .absSeg125
.abs_section_12                    2   N/I       0x12       0x13   .absSeg126
.abs_section_14                    2   N/I       0x14       0x15   .absSeg127
.abs_section_21                    2   N/I       0x21       0x22   .absSeg128
.abs_section_23                    2   N/I       0x23       0x24   .absSeg129
.abs_section_26                    2   N/I       0x26       0x27   .absSeg130
.abs_section_29                    2   N/I       0x29       0x2A   .absSeg131
.abs_section_2c                    2   N/I       0x2C       0x2D   .absSeg132
.abs_section_2f                    2   N/I       0x2F       0x30   .absSeg133
.abs_section_32                    2   N/I       0x32       0x33   .absSeg134
.abs_section_35                    2   N/I       0x35       0x36   .absSeg135
.abs_section_38                    2   N/I       0x38       0x39   .absSeg136
.abs_section_40                    2   N/I       0x40       0x41   .absSeg137
.abs_section_54                    2   N/I       0x54       0x55   .absSeg138
.abs_section_56                    2   N/I       0x56       0x57   .absSeg139
.abs_section_61                    2   N/I       0x61       0x62   .absSeg140
.abs_section_63                    2   N/I       0x63       0x64   .absSeg141
.abs_section_66                    2   N/I       0x66       0x67   .absSeg142
.abs_section_69                    2   N/I       0x69       0x6A   .absSeg143
.abs_section_74                    2   N/I       0x74       0x75   .absSeg144
.abs_section_76                    2   N/I       0x76       0x77   .absSeg145
.abs_section_1806                  2   N/I     0x1806     0x1807   .absSeg146
.abs_section_1810                  2   N/I     0x1810     0x1811   .absSeg147
.abs_section_1812                  2   N/I     0x1812     0x1813   .absSeg148
.abs_section_1814                  2   N/I     0x1814     0x1815   .absSeg149
.abs_section_ffc4                 60     R     0xFFC4     0xFFFF   .absSeg150
.bss                              31   R/W       0xD0       0xEE   RAM
.startData                        18     R     0x1A1E     0x1A2F   ROM
.init                            190     R     0x1960     0x1A1D   ROM
.common                         2640   R/W       0xEF      0xB3E   RAM
.stack                           128   R/W      0xB3F      0xBBE   RAM
.copy                              2     R     0x302D     0x302E   ROM

Summary of section sizes per section type:
READ_ONLY (R):        170D (dec:     5901)
READ_WRITE (R/W):      AEF (dec:     2799)
NO_INIT (N/I):          AC (dec:      172)

*********************************************************************************************
VECTOR-ALLOCATION SECTION
    Address     InitValue   InitFunction
---------------------------------------------------------------------------------------------

*********************************************************************************************
OBJECT-ALLOCATION SECTION
     Name               Module                 Addr   hSize   dSize     Ref    Section   RLIB
---------------------------------------------------------------------------------------------
MODULE:                 -- Events_c.obj --
- PROCEDURES:
     sampleTimer_OnInterrupt                   1A30      23      35       1   .text       
     SM1_OnRxChar                              1A53       1       1       1   .text       
     SM1_OnTxChar                              1A54       1       1       1   .text       
     SM1_OnError                               1A55       1       1       1   .text       
- VARIABLES:
     ledCounter                                  D0       2       2       3   .bss        
MODULE:                 -- Fat_c.obj --
- PROCEDURES:
     LWordSwap                                 1A56      7E     126       3   .text       
     FAT_Read_Master_Block                     1AD4     12B     299       2   .text       
     FAT_FileClose                             1BFF     253     595       2   .text       
     FAT_SearchAvailableFAT                    1E52      9B     155       2   .text       
     FAT_Entry                                 1EED     101     257       2   .text       
     FAT_FileNameOrganizer                     1FEE      43      67       1   .text       
     FAT_FileOpen                              2031     31E     798      17   .text       
- VARIABLES:
     u16Main_Offset                              D2       2       2       7   .bss        
     WHandler                                    EF      19      25      37   .common     
     RHandler                                   108       A      10       5   .common     
     ag8FATReadBuffer                           112     200     512      24   .common     
     u16FAT_Sector_Size                         312       2       2      13   .common     
     u16FAT_Cluster_Size                        314       2       2       2   .common     
     u16FAT_FAT_BASE                            316       2       2      12   .common     
     u16FAT_Root_BASE                           318       2       2      11   .common     
     u16FAT_Data_BASE                           31A       2       2       8   .common     
     u32DataSector                              31C       4       4       6   .common     
MODULE:                 -- ProcessorExpert_c.obj --
- PROCEDURES:
     main                                      234F      23      35       1   .text       
- VARIABLES:
MODULE:                 -- SD_c.obj --
- PROCEDURES:
     SD_Init                                   2372     13A     314       9   .text       
     SPI_SS_Disable_Delay                      24AC       9       9       2   .text       
     SD_CBufferDataSectorWrite                 24B5      86     134       1   .text       
     SD_Write_Block                            253B      8A     138       3   .text       
     SD_Erase_Blocks                           25C5      7A     122       1   .text       
     SD_Read_CSD                               263F      43      67       1   .text       
     SD_Read_Block                             2682      63      99       6   .text       
     SD_SendCommand                            26E5      74     116      11   .text       
     SD_SendCommandR7                          2759      A2     162       1   .text       
     SD_SendCommandR3                          27FB      82     130       2   .text       
     SD_CLKDelay                               287D       F      15      10   .text       
     loopUntilReady                            288C       4       4       3   .text       
- VARIABLES:
     gu8SD_Response                              D4       5       5      18   .bss        
     gu8SD_CSD                                   D9      10      16       1   .bss        
     gu8SD_Argument                             320       4       4      30   .common     
MODULE:                 -- SPI_c.obj --
- PROCEDURES:
     SPI_Init                                  2890      25      37       1   .text       
     SPI_Send_byte                             28B5       D      13      18   .text       
     SPI_Receive_byte                          28C2       B      11      19   .text       
     SPI_High_rate                             28CD       7       7       1   .text       
- VARIABLES:
MODULE:                 -- Vib_Cont_01_c.obj --
- PROCEDURES:
     initialiseSensorBoard                     28D4      56      86       1   .text       
     initialiseLEDs                            292A      11      17       1   .text       
     pulsePowerLED                             293B      62      98       2   .text       
     pulseStatusLED                            299D      62      98       1   .text       
     pulseReceiveLED                           29FF      62      98       6   .text       
     pulseTransmitLED                          2A61      62      98       3   .text       
     startSampling                             2AC3      2D      45       1   .text       
     vfnSDwelcome                              2AF0      D5     213       1   .text       
     ReadData                                  2BC5       A      10       1   .text       
     writeRecordToCBuffer                      2BCF      3C      60       1   .text       
     ToCBuffer                                 2C0B      21      33       7   .text       
     FromCBuffer                               2C2C      2A      42       1   .text       
     Sample_Accel                              2C56      34      52       1   .text       
     toggleStatusLED                           2C8A       9       9       1   .text       
     incrementRunningClock                     2C93      19      25       1   .text       
     stopSampling                              2CAC       9       9       1   .text       
- VARIABLES:
     STRING.FILE.TXT.1                         301B       9       9       1   .rodata1    
     STRING.FILE.TXT.2                         3024       9       9       1   .rodata1    
     u8sd_status                                324       1       1       7   .common     
     u8sd_command                               325       1       1       1   .common     
     u16buffer_index                            326       2       2       1   .common     
     recordNumber                               328       2       2       5   .common     
     sessionRuntime                             32A       4       4       4   .common     
     samplingStatus                             32E       1       1       3   .common     
     u8CircularBuffer                           32F     800    2048       2   .common     
     u16CBufferPutter                           B2F       2       2       5   .common     
     u16CBufferGetter                           B31       2       2       5   .common     
     u16CBufferBytes                            B33       2       2       4   .common     
     u16TempCBufferBytes                        B35       2       2       2   .common     
     ReadDataStop                               B37       1       1       3   .common     
     samples                                    B38       6       6       4   .common     
     u8Channel                                  B3E       1       1       4   .common     
MODULE:                 -- start08_c.obj --
- PROCEDURES:
     loadByte                                  2CB5       E      14       5   .text       
     Init                                      2CC3      6D     109       1   .text       
     _Startup                                  2D30       9       9       1   .text       
- VARIABLES:
     _startupData                              1A1E       6       6       4   .startData  
- LABELS:
     __SEG_END_SSTACK                           BBF       0       0       1               
MODULE:                 -- AD1_c.obj --
- PROCEDURES:
     AD1_Init                                  2D39      10      16       1   .text       
- VARIABLES:
     OutFlg                                      E9       1       1       1   .bss        
     ModeFlg                                     EA       1       1       1   .bss        
MODULE:                 -- Cpu_c.obj --
- PROCEDURES:
     Cpu_Interrupt                             1960       4       4      27   .init       
     _EntryPoint                               1964      56      86       1   .init       
     PE_low_level_init                         19BA      64     100       1   .init       
- VARIABLES:
     NVPROT_INIT                               FFBD       1       1       0   .abs_section_ffbd
     NVOPT_INIT                                FFBF       1       1       0   .abs_section_ffbf
MODULE:                 -- IO_Map_c.obj --
- PROCEDURES:
- VARIABLES:
     _PTAD                                        0       1       1       0   .abs_section_0
     _PTADD                                       1       1       1       0   .abs_section_1
     _PTBD                                        2       1       1      27   .abs_section_2
     _PTBDD                                       3       1       1       3   .abs_section_3
     _PTCD                                        4       1       1       1   .abs_section_4
     _PTCDD                                       5       1       1       1   .abs_section_5
     _PTDD                                        6       1       1       0   .abs_section_6
     _PTDDD                                       7       1       1       0   .abs_section_7
     _PTED                                        8       1       1       0   .abs_section_8
     _PTEDD                                       9       1       1       0   .abs_section_9
     _PTFD                                        A       1       1      16   .abs_section_a
     _PTFDD                                       B       1       1       3   .abs_section_b
     _PTGD                                        C       1       1      15   .abs_section_c
     _PTGDD                                       D       1       1       2   .abs_section_d
     _ACMPSC                                      E       1       1       0   .abs_section_e
     _ADCSC1                                     10       1       1       1   .abs_section_10
     _ADCSC2                                     11       1       1       1   .abs_section_11
     _ADCCFG                                     16       1       1       1   .abs_section_16
     _APCTL1                                     17       1       1       1   .abs_section_17
     _APCTL2                                     18       1       1       2   .abs_section_18
     _IRQSC                                      1B       1       1       0   .abs_section_1b
     _KBISC                                      1C       1       1       0   .abs_section_1c
     _KBIPE                                      1D       1       1       0   .abs_section_1d
     _KBIES                                      1E       1       1       0   .abs_section_1e
     _TPM1SC                                     20       1       1       0   .abs_section_20
     _TPM1C0SC                                   25       1       1       0   .abs_section_25
     _TPM1C1SC                                   28       1       1       0   .abs_section_28
     _TPM1C2SC                                   2B       1       1       0   .abs_section_2b
     _TPM1C3SC                                   2E       1       1       0   .abs_section_2e
     _TPM1C4SC                                   31       1       1       0   .abs_section_31
     _TPM1C5SC                                   34       1       1       0   .abs_section_34
     _SCI1C1                                     3A       1       1       0   .abs_section_3a
     _SCI1C2                                     3B       1       1       0   .abs_section_3b
     _SCI1S1                                     3C       1       1       0   .abs_section_3c
     _SCI1S2                                     3D       1       1       0   .abs_section_3d
     _SCI1C3                                     3E       1       1       0   .abs_section_3e
     _SCI1D                                      3F       1       1       0   .abs_section_3f
     _SCI2C1                                     42       1       1       0   .abs_section_42
     _SCI2C2                                     43       1       1       0   .abs_section_43
     _SCI2S1                                     44       1       1       0   .abs_section_44
     _SCI2S2                                     45       1       1       0   .abs_section_45
     _SCI2C3                                     46       1       1       0   .abs_section_46
     _SCI2D                                      47       1       1       0   .abs_section_47
     _MCGC1                                      48       1       1       3   .abs_section_48
     _MCGC2                                      49       1       1       3   .abs_section_49
     _MCGTRM                                     4A       1       1       1   .abs_section_4a
     _MCGSC                                      4B       1       1       7   .abs_section_4b
     _MCGC3                                      4C       1       1       1   .abs_section_4c
     _SPI1C1                                     50       1       1       0   .abs_section_50
     _SPI1C2                                     51       1       1       0   .abs_section_51
     _SPI1BR                                     52       1       1       0   .abs_section_52
     _SPI1S                                      53       1       1       0   .abs_section_53
     _IICA                                       58       1       1       0   .abs_section_58
     _IICF                                       59       1       1       0   .abs_section_59
     _IICC1                                      5A       1       1       0   .abs_section_5a
     _IICS                                       5B       1       1       0   .abs_section_5b
     _IICD                                       5C       1       1       0   .abs_section_5c
     _IICC2                                      5D       1       1       0   .abs_section_5d
     _TPM2SC                                     60       1       1       2   .abs_section_60
     _TPM2C0SC                                   65       1       1       1   .abs_section_65
     _TPM2C1SC                                   68       1       1       0   .abs_section_68
     _RTCSC                                      6C       1       1       5   .abs_section_6c
     _RTCCNT                                     6D       1       1       0   .abs_section_6d
     _RTCMOD                                     6E       1       1       3   .abs_section_6e
     _SPI2C1                                     70       1       1       6   .abs_section_70
     _SPI2C2                                     71       1       1       2   .abs_section_71
     _SPI2BR                                     72       1       1       3   .abs_section_72
     _SPI2S                                      73       1       1       6   .abs_section_73
     _USBCTL0                                    80       1       1       0   .abs_section_80
     _PERID                                      88       1       1       0   .abs_section_88
     _IDCOMP                                     89       1       1       0   .abs_section_89
     _REV                                        8A       1       1       0   .abs_section_8a
     _INTSTAT                                    90       1       1       0   .abs_section_90
     _INTENB                                     91       1       1       0   .abs_section_91
     _ERRSTAT                                    92       1       1       0   .abs_section_92
     _ERRENB                                     93       1       1       0   .abs_section_93
     _STAT                                       94       1       1       0   .abs_section_94
     _CTL                                        95       1       1       0   .abs_section_95
     _ADDR                                       96       1       1       0   .abs_section_96
     _FRMNUML                                    97       1       1       0   .abs_section_97
     _FRMNUMH                                    98       1       1       0   .abs_section_98
     _EPCTL0                                     9D       1       1       0   .abs_section_9d
     _EPCTL1                                     9E       1       1       0   .abs_section_9e
     _EPCTL2                                     9F       1       1       0   .abs_section_9f
     _EPCTL3                                     A0       1       1       0   .abs_section_a0
     _EPCTL4                                     A1       1       1       0   .abs_section_a1
     _EPCTL5                                     A2       1       1       0   .abs_section_a2
     _EPCTL6                                     A3       1       1       0   .abs_section_a3
     _SRS                                      1800       1       1       0   .abs_section_1800
     _SBDFR                                    1801       1       1       0   .abs_section_1801
     _SOPT1                                    1802       1       1       1   .abs_section_1802
     _SOPT2                                    1803       1       1       2   .abs_section_1803
     _SPMSC1                                   1809       1       1       1   .abs_section_1809
     _SPMSC2                                   180A       1       1       1   .abs_section_180a
     _DBGC                                     1816       1       1       0   .abs_section_1816
     _DBGT                                     1817       1       1       0   .abs_section_1817
     _DBGS                                     1818       1       1       0   .abs_section_1818
     _FCDIV                                    1820       1       1       0   .abs_section_1820
     _FOPT                                     1821       1       1       0   .abs_section_1821
     _FCNFG                                    1823       1       1       0   .abs_section_1823
     _FPROT                                    1824       1       1       0   .abs_section_1824
     _FSTAT                                    1825       1       1       0   .abs_section_1825
     _FCMD                                     1826       1       1       0   .abs_section_1826
     _PTAPE                                    1840       1       1       0   .abs_section_1840
     _PTASE                                    1841       1       1       1   .abs_section_1841
     _PTADS                                    1842       1       1       1   .abs_section_1842
     _PTBPE                                    1844       1       1       0   .abs_section_1844
     _PTBSE                                    1845       1       1       1   .abs_section_1845
     _PTBDS                                    1846       1       1       2   .abs_section_1846
     _PTCPE                                    1848       1       1       1   .abs_section_1848
     _PTCSE                                    1849       1       1       1   .abs_section_1849
     _PTCDS                                    184A       1       1       1   .abs_section_184a
     _PTDPE                                    184C       1       1       0   .abs_section_184c
     _PTDSE                                    184D       1       1       1   .abs_section_184d
     _PTDDS                                    184E       1       1       1   .abs_section_184e
     _PTEPE                                    1850       1       1       0   .abs_section_1850
     _PTESE                                    1851       1       1       1   .abs_section_1851
     _PTEDS                                    1852       1       1       1   .abs_section_1852
     _PTFPE                                    1854       1       1       0   .abs_section_1854
     _PTFSE                                    1855       1       1       1   .abs_section_1855
     _PTFDS                                    1856       1       1       1   .abs_section_1856
     _PTGPE                                    1858       1       1       0   .abs_section_1858
     _PTGSE                                    1859       1       1       1   .abs_section_1859
     _PTGDS                                    185A       1       1       1   .abs_section_185a
     _ADCR                                       12       2       2       0   .abs_section_12
     _ADCCV                                      14       2       2       0   .abs_section_14
     _TPM1CNT                                    21       2       2       0   .abs_section_21
     _TPM1MOD                                    23       2       2       0   .abs_section_23
     _TPM1C0V                                    26       2       2       0   .abs_section_26
     _TPM1C1V                                    29       2       2       0   .abs_section_29
     _TPM1C2V                                    2C       2       2       0   .abs_section_2c
     _TPM1C3V                                    2F       2       2       0   .abs_section_2f
     _TPM1C4V                                    32       2       2       0   .abs_section_32
     _TPM1C5V                                    35       2       2       0   .abs_section_35
     _SCI1BD                                     38       2       2       0   .abs_section_38
     _SCI2BD                                     40       2       2       0   .abs_section_40
     _SPI1D16                                    54       2       2       0   .abs_section_54
     _SPI1M                                      56       2       2       0   .abs_section_56
     _TPM2CNT                                    61       2       2       1   .abs_section_61
     _TPM2MOD                                    63       2       2       1   .abs_section_63
     _TPM2C0V                                    66       2       2       1   .abs_section_66
     _TPM2C1V                                    69       2       2       0   .abs_section_69
     _SPI2D16                                    74       2       2       7   .abs_section_74
     _SPI2M                                      76       2       2       0   .abs_section_76
     _SDID                                     1806       2       2       0   .abs_section_1806
     _DBGCA                                    1810       2       2       0   .abs_section_1810
     _DBGCB                                    1812       2       2       0   .abs_section_1812
     _DBGF                                     1814       2       2       0   .abs_section_1814
MODULE:                 -- SM1_c.obj --
- PROCEDURES:
     SM1_Interrupt                             2D49      52      82       1   .text       
     SM1_Init                                  2D9B      16      22       1   .text       
- VARIABLES:
     SerFlag                                     EB       1       1       5   .bss        
     ErrFlag                                     EC       1       1       3   .bss        
     BufferRead                                  ED       1       1       1   .bss        
MODULE:                 -- Vectors_c.obj --
- PROCEDURES:
- VARIABLES:
     _vect                                     FFC4      3C      60       0   .abs_section_ffc4
MODULE:                 -- filterTimer_c.obj --
- PROCEDURES:
     filterTimer_InitTO                        2DB1      12      18       1   .text       
- VARIABLES:
MODULE:                 -- sampleTimer_c.obj --
- PROCEDURES:
     HWEnDi                                    2DC3      10      16       3   .text       
     sampleTimer_Enable                        2DD3       E      14       1   .text       
     sampleTimer_Disable                       2DE1       D      13       2   .text       
     sampleTimer_Init                          2DEE       E      14       1   .text       
     sampleTimer_Interrupt                     2DFC       8       8       1   .text       
- VARIABLES:
     EnUser                                      EE       1       1       6   .bss        
MODULE:                 -- rtshc08.o (ansiis.lib) --
- PROCEDURES:
     _PUSH_ARGS_L                              2E04      20      32       2   .text       
     _ENTER_UNARY_L                            2E24      29      41       3   .text       
     _ENTER_BINARY_L                           2E4D      16      22       1   .text       
     _ENTER_BINARY_L_RC                        2E63      19      25       3   .text       
     _IDIVMOD                                  2E7C      69     105       2   .text       
     _LADD_k_is_k_plus_j                       2EE5      1F      31       2   .text       
     _LAND_k_is_k_and_j                        2F04      1F      31       1   .text       
     _LCMP_k_rel_j                             2F23      1F      31       1   .text       
     _IDIVU_STAR08                             2F42       D      13       4   .text       
     _IMODU_STAR08                             2F4F      10      16       5   .text       
     _ILSR                                     2F5F       C      12       2   .text       
     _ILSL                                     2F6B       C      12       3   .text       
     _LINC                                     2F77      16      22       2   .text       
     _LADD                                     2F8D       6       6       7   .text       
     _LADD_RC                                  2F93       6       6       2   .text       
     _LAND_RC                                  2F99       6       6       2   .text       
     _LLSR                                     2F9F      16      22       2   .text       
     _LLSL                                     2FB5      16      22       6   .text       
     _LCMP_RC                                  2FCB       6       6       1   .text       
     _COPY                                     2FD1      30      48       2   .text       
     _POP32                                    3001      1A      26      11   .text       
- VARIABLES:

*********************************************************************************************
MODULE STATISTIC
  Name                                      Data   Code  Const
---------------------------------------------------------------------------------------------
  Events_c.obj                                 2     38      0
  Fat_c.obj                                  563   2297      0
  ProcessorExpert_c.obj                        0     35      0
  SD_c.obj                                    25   1310      0
  SPI_c.obj                                    0     68      0
  Vib_Cont_01_c.obj                         2075    993     18
  start08_c.obj                                0    132      0
  AD1_c.obj                                    2     16      0
  Cpu_c.obj                                    0    190      2
  IO_Map_c.obj                               172      0      0
  SM1_c.obj                                    3    104      0
  Vectors_c.obj                                0      0     60
  filterTimer_c.obj                            0     18      0
  sampleTimer_c.obj                            1     65      0
  rtshc08.o (ansiis.lib)                       0    535      0
  other                                      128     18      2

*********************************************************************************************
SECTION USE IN OBJECT-ALLOCATION SECTION
---------------------------------------------------------------------------------------------
SECTION: ".text"
  sampleTimer_OnInterrupt SM1_OnRxChar SM1_OnTxChar SM1_OnError LWordSwap 
  FAT_Read_Master_Block FAT_FileClose FAT_SearchAvailableFAT FAT_Entry 
  FAT_FileNameOrganizer FAT_FileOpen main SD_Init SPI_SS_Disable_Delay 
  SD_CBufferDataSectorWrite SD_Write_Block SD_Erase_Blocks SD_Read_CSD 
  SD_Read_Block SD_SendCommand SD_SendCommandR7 SD_SendCommandR3 SD_CLKDelay 
  loopUntilReady SPI_Init SPI_Send_byte SPI_Receive_byte SPI_High_rate 
  initialiseSensorBoard initialiseLEDs pulsePowerLED pulseStatusLED 
  pulseReceiveLED pulseTransmitLED startSampling vfnSDwelcome ReadData 
  writeRecordToCBuffer ToCBuffer FromCBuffer Sample_Accel toggleStatusLED 
  incrementRunningClock stopSampling loadByte Init _Startup AD1_Init 
  SM1_Interrupt SM1_Init filterTimer_InitTO HWEnDi sampleTimer_Enable 
  sampleTimer_Disable sampleTimer_Init sampleTimer_Interrupt _PUSH_ARGS_L 
  _ENTER_UNARY_L _ENTER_BINARY_L _ENTER_BINARY_L_RC _IDIVMOD 
  _LADD_k_is_k_plus_j _LAND_k_is_k_and_j _LCMP_k_rel_j _IDIVU_STAR08 
  _IMODU_STAR08 _ILSR _ILSL _LINC _LADD _LADD_RC _LAND_RC _LLSR _LLSL _LCMP_RC 
  _COPY _POP32 
SECTION: ".bss"
  ledCounter u16Main_Offset gu8SD_Response gu8SD_CSD OutFlg ModeFlg SerFlag 
  ErrFlag BufferRead EnUser 
SECTION: ".init"
  Cpu_Interrupt _EntryPoint PE_low_level_init 
SECTION: ".rodata1"
  STRING.FILE.TXT.1 STRING.FILE.TXT.2 
SECTION: ".common"
  WHandler RHandler ag8FATReadBuffer u16FAT_Sector_Size u16FAT_Cluster_Size 
  u16FAT_FAT_BASE u16FAT_Root_BASE u16FAT_Data_BASE u32DataSector 
  gu8SD_Argument u8sd_status u8sd_command u16buffer_index recordNumber 
  sessionRuntime samplingStatus u8CircularBuffer u16CBufferPutter 
  u16CBufferGetter u16CBufferBytes u16TempCBufferBytes ReadDataStop samples 
  u8Channel 
SECTION: ".abs_section_ffbd"
  NVPROT_INIT 
SECTION: ".abs_section_ffbf"
  NVOPT_INIT 
SECTION: ".abs_section_0"
  _PTAD 
SECTION: ".abs_section_1"
  _PTADD 
SECTION: ".abs_section_2"
  _PTBD 
SECTION: ".abs_section_3"
  _PTBDD 
SECTION: ".abs_section_4"
  _PTCD 
SECTION: ".abs_section_5"
  _PTCDD 
SECTION: ".abs_section_6"
  _PTDD 
SECTION: ".abs_section_7"
  _PTDDD 
SECTION: ".abs_section_8"
  _PTED 
SECTION: ".abs_section_9"
  _PTEDD 
SECTION: ".abs_section_a"
  _PTFD 
SECTION: ".abs_section_b"
  _PTFDD 
SECTION: ".abs_section_c"
  _PTGD 
SECTION: ".abs_section_d"
  _PTGDD 
SECTION: ".abs_section_e"
  _ACMPSC 
SECTION: ".abs_section_10"
  _ADCSC1 
SECTION: ".abs_section_11"
  _ADCSC2 
SECTION: ".abs_section_16"
  _ADCCFG 
SECTION: ".abs_section_17"
  _APCTL1 
SECTION: ".abs_section_18"
  _APCTL2 
SECTION: ".abs_section_1b"
  _IRQSC 
SECTION: ".abs_section_1c"
  _KBISC 
SECTION: ".abs_section_1d"
  _KBIPE 
SECTION: ".abs_section_1e"
  _KBIES 
SECTION: ".abs_section_20"
  _TPM1SC 
SECTION: ".abs_section_25"
  _TPM1C0SC 
SECTION: ".abs_section_28"
  _TPM1C1SC 
SECTION: ".abs_section_2b"
  _TPM1C2SC 
SECTION: ".abs_section_2e"
  _TPM1C3SC 
SECTION: ".abs_section_31"
  _TPM1C4SC 
SECTION: ".abs_section_34"
  _TPM1C5SC 
SECTION: ".abs_section_3a"
  _SCI1C1 
SECTION: ".abs_section_3b"
  _SCI1C2 
SECTION: ".abs_section_3c"
  _SCI1S1 
SECTION: ".abs_section_3d"
  _SCI1S2 
SECTION: ".abs_section_3e"
  _SCI1C3 
SECTION: ".abs_section_3f"
  _SCI1D 
SECTION: ".abs_section_42"
  _SCI2C1 
SECTION: ".abs_section_43"
  _SCI2C2 
SECTION: ".abs_section_44"
  _SCI2S1 
SECTION: ".abs_section_45"
  _SCI2S2 
SECTION: ".abs_section_46"
  _SCI2C3 
SECTION: ".abs_section_47"
  _SCI2D 
SECTION: ".abs_section_48"
  _MCGC1 
SECTION: ".abs_section_49"
  _MCGC2 
SECTION: ".abs_section_4a"
  _MCGTRM 
SECTION: ".abs_section_4b"
  _MCGSC 
SECTION: ".abs_section_4c"
  _MCGC3 
SECTION: ".abs_section_50"
  _SPI1C1 
SECTION: ".abs_section_51"
  _SPI1C2 
SECTION: ".abs_section_52"
  _SPI1BR 
SECTION: ".abs_section_53"
  _SPI1S 
SECTION: ".abs_section_58"
  _IICA 
SECTION: ".abs_section_59"
  _IICF 
SECTION: ".abs_section_5a"
  _IICC1 
SECTION: ".abs_section_5b"
  _IICS 
SECTION: ".abs_section_5c"
  _IICD 
SECTION: ".abs_section_5d"
  _IICC2 
SECTION: ".abs_section_60"
  _TPM2SC 
SECTION: ".abs_section_65"
  _TPM2C0SC 
SECTION: ".abs_section_68"
  _TPM2C1SC 
SECTION: ".abs_section_6c"
  _RTCSC 
SECTION: ".abs_section_6d"
  _RTCCNT 
SECTION: ".abs_section_6e"
  _RTCMOD 
SECTION: ".abs_section_70"
  _SPI2C1 
SECTION: ".abs_section_71"
  _SPI2C2 
SECTION: ".abs_section_72"
  _SPI2BR 
SECTION: ".abs_section_73"
  _SPI2S 
SECTION: ".abs_section_80"
  _USBCTL0 
SECTION: ".abs_section_88"
  _PERID 
SECTION: ".abs_section_89"
  _IDCOMP 
SECTION: ".abs_section_8a"
  _REV 
SECTION: ".abs_section_90"
  _INTSTAT 
SECTION: ".abs_section_91"
  _INTENB 
SECTION: ".abs_section_92"
  _ERRSTAT 
SECTION: ".abs_section_93"
  _ERRENB 
SECTION: ".abs_section_94"
  _STAT 
SECTION: ".abs_section_95"
  _CTL 
SECTION: ".abs_section_96"
  _ADDR 
SECTION: ".abs_section_97"
  _FRMNUML 
SECTION: ".abs_section_98"
  _FRMNUMH 
SECTION: ".abs_section_9d"
  _EPCTL0 
SECTION: ".abs_section_9e"
  _EPCTL1 
SECTION: ".abs_section_9f"
  _EPCTL2 
SECTION: ".abs_section_a0"
  _EPCTL3 
SECTION: ".abs_section_a1"
  _EPCTL4 
SECTION: ".abs_section_a2"
  _EPCTL5 
SECTION: ".abs_section_a3"
  _EPCTL6 
SECTION: ".abs_section_1800"
  _SRS 
SECTION: ".abs_section_1801"
  _SBDFR 
SECTION: ".abs_section_1802"
  _SOPT1 
SECTION: ".abs_section_1803"
  _SOPT2 
SECTION: ".abs_section_1809"
  _SPMSC1 
SECTION: ".abs_section_180a"
  _SPMSC2 
SECTION: ".abs_section_1816"
  _DBGC 
SECTION: ".abs_section_1817"
  _DBGT 
SECTION: ".abs_section_1818"
  _DBGS 
SECTION: ".abs_section_1820"
  _FCDIV 
SECTION: ".abs_section_1821"
  _FOPT 
SECTION: ".abs_section_1823"
  _FCNFG 
SECTION: ".abs_section_1824"
  _FPROT 
SECTION: ".abs_section_1825"
  _FSTAT 
SECTION: ".abs_section_1826"
  _FCMD 
SECTION: ".abs_section_1840"
  _PTAPE 
SECTION: ".abs_section_1841"
  _PTASE 
SECTION: ".abs_section_1842"
  _PTADS 
SECTION: ".abs_section_1844"
  _PTBPE 
SECTION: ".abs_section_1845"
  _PTBSE 
SECTION: ".abs_section_1846"
  _PTBDS 
SECTION: ".abs_section_1848"
  _PTCPE 
SECTION: ".abs_section_1849"
  _PTCSE 
SECTION: ".abs_section_184a"
  _PTCDS 
SECTION: ".abs_section_184c"
  _PTDPE 
SECTION: ".abs_section_184d"
  _PTDSE 
SECTION: ".abs_section_184e"
  _PTDDS 
SECTION: ".abs_section_1850"
  _PTEPE 
SECTION: ".abs_section_1851"
  _PTESE 
SECTION: ".abs_section_1852"
  _PTEDS 
SECTION: ".abs_section_1854"
  _PTFPE 
SECTION: ".abs_section_1855"
  _PTFSE 
SECTION: ".abs_section_1856"
  _PTFDS 
SECTION: ".abs_section_1858"
  _PTGPE 
SECTION: ".abs_section_1859"
  _PTGSE 
SECTION: ".abs_section_185a"
  _PTGDS 
SECTION: ".abs_section_12"
  _ADCR 
SECTION: ".abs_section_14"
  _ADCCV 
SECTION: ".abs_section_21"
  _TPM1CNT 
SECTION: ".abs_section_23"
  _TPM1MOD 
SECTION: ".abs_section_26"
  _TPM1C0V 
SECTION: ".abs_section_29"
  _TPM1C1V 
SECTION: ".abs_section_2c"
  _TPM1C2V 
SECTION: ".abs_section_2f"
  _TPM1C3V 
SECTION: ".abs_section_32"
  _TPM1C4V 
SECTION: ".abs_section_35"
  _TPM1C5V 
SECTION: ".abs_section_38"
  _SCI1BD 
SECTION: ".abs_section_40"
  _SCI2BD 
SECTION: ".abs_section_54"
  _SPI1D16 
SECTION: ".abs_section_56"
  _SPI1M 
SECTION: ".abs_section_61"
  _TPM2CNT 
SECTION: ".abs_section_63"
  _TPM2MOD 
SECTION: ".abs_section_66"
  _TPM2C0V 
SECTION: ".abs_section_69"
  _TPM2C1V 
SECTION: ".abs_section_74"
  _SPI2D16 
SECTION: ".abs_section_76"
  _SPI2M 
SECTION: ".abs_section_1806"
  _SDID 
SECTION: ".abs_section_1810"
  _DBGCA 
SECTION: ".abs_section_1812"
  _DBGCB 
SECTION: ".abs_section_1814"
  _DBGF 
SECTION: ".abs_section_ffc4"
  _vect 

*********************************************************************************************
OBJECT LIST SORTED BY ADDRESS
     Name                                      Addr   hSize   dSize     Ref    Section   RLIB
---------------------------------------------------------------------------------------------
     _PTAD                                        0       1       1       0   .abs_section_0
     _PTADD                                       1       1       1       0   .abs_section_1
     _PTBD                                        2       1       1      27   .abs_section_2
     _PTBDD                                       3       1       1       3   .abs_section_3
     _PTCD                                        4       1       1       1   .abs_section_4
     _PTCDD                                       5       1       1       1   .abs_section_5
     _PTDD                                        6       1       1       0   .abs_section_6
     _PTDDD                                       7       1       1       0   .abs_section_7
     _PTED                                        8       1       1       0   .abs_section_8
     _PTEDD                                       9       1       1       0   .abs_section_9
     _PTFD                                        A       1       1      16   .abs_section_a
     _PTFDD                                       B       1       1       3   .abs_section_b
     _PTGD                                        C       1       1      15   .abs_section_c
     _PTGDD                                       D       1       1       2   .abs_section_d
     _ACMPSC                                      E       1       1       0   .abs_section_e
     _ADCSC1                                     10       1       1       1   .abs_section_10
     _ADCSC2                                     11       1       1       1   .abs_section_11
     _ADCR                                       12       2       2       0   .abs_section_12
     _ADCCV                                      14       2       2       0   .abs_section_14
     _ADCCFG                                     16       1       1       1   .abs_section_16
     _APCTL1                                     17       1       1       1   .abs_section_17
     _APCTL2                                     18       1       1       2   .abs_section_18
     _IRQSC                                      1B       1       1       0   .abs_section_1b
     _KBISC                                      1C       1       1       0   .abs_section_1c
     _KBIPE                                      1D       1       1       0   .abs_section_1d
     _KBIES                                      1E       1       1       0   .abs_section_1e
     _TPM1SC                                     20       1       1       0   .abs_section_20
     _TPM1CNT                                    21       2       2       0   .abs_section_21
     _TPM1MOD                                    23       2       2       0   .abs_section_23
     _TPM1C0SC                                   25       1       1       0   .abs_section_25
     _TPM1C0V                                    26       2       2       0   .abs_section_26
     _TPM1C1SC                                   28       1       1       0   .abs_section_28
     _TPM1C1V                                    29       2       2       0   .abs_section_29
     _TPM1C2SC                                   2B       1       1       0   .abs_section_2b
     _TPM1C2V                                    2C       2       2       0   .abs_section_2c
     _TPM1C3SC                                   2E       1       1       0   .abs_section_2e
     _TPM1C3V                                    2F       2       2       0   .abs_section_2f
     _TPM1C4SC                                   31       1       1       0   .abs_section_31
     _TPM1C4V                                    32       2       2       0   .abs_section_32
     _TPM1C5SC                                   34       1       1       0   .abs_section_34
     _TPM1C5V                                    35       2       2       0   .abs_section_35
     _SCI1BD                                     38       2       2       0   .abs_section_38
     _SCI1C1                                     3A       1       1       0   .abs_section_3a
     _SCI1C2                                     3B       1       1       0   .abs_section_3b
     _SCI1S1                                     3C       1       1       0   .abs_section_3c
     _SCI1S2                                     3D       1       1       0   .abs_section_3d
     _SCI1C3                                     3E       1       1       0   .abs_section_3e
     _SCI1D                                      3F       1       1       0   .abs_section_3f
     _SCI2BD                                     40       2       2       0   .abs_section_40
     _SCI2C1                                     42       1       1       0   .abs_section_42
     _SCI2C2                                     43       1       1       0   .abs_section_43
     _SCI2S1                                     44       1       1       0   .abs_section_44
     _SCI2S2                                     45       1       1       0   .abs_section_45
     _SCI2C3                                     46       1       1       0   .abs_section_46
     _SCI2D                                      47       1       1       0   .abs_section_47
     _MCGC1                                      48       1       1       3   .abs_section_48
     _MCGC2                                      49       1       1       3   .abs_section_49
     _MCGTRM                                     4A       1       1       1   .abs_section_4a
     _MCGSC                                      4B       1       1       7   .abs_section_4b
     _MCGC3                                      4C       1       1       1   .abs_section_4c
     _SPI1C1                                     50       1       1       0   .abs_section_50
     _SPI1C2                                     51       1       1       0   .abs_section_51
     _SPI1BR                                     52       1       1       0   .abs_section_52
     _SPI1S                                      53       1       1       0   .abs_section_53
     _SPI1D16                                    54       2       2       0   .abs_section_54
     _SPI1M                                      56       2       2       0   .abs_section_56
     _IICA                                       58       1       1       0   .abs_section_58
     _IICF                                       59       1       1       0   .abs_section_59
     _IICC1                                      5A       1       1       0   .abs_section_5a
     _IICS                                       5B       1       1       0   .abs_section_5b
     _IICD                                       5C       1       1       0   .abs_section_5c
     _IICC2                                      5D       1       1       0   .abs_section_5d
     _TPM2SC                                     60       1       1       2   .abs_section_60
     _TPM2CNT                                    61       2       2       1   .abs_section_61
     _TPM2MOD                                    63       2       2       1   .abs_section_63
     _TPM2C0SC                                   65       1       1       1   .abs_section_65
     _TPM2C0V                                    66       2       2       1   .abs_section_66
     _TPM2C1SC                                   68       1       1       0   .abs_section_68
     _TPM2C1V                                    69       2       2       0   .abs_section_69
     _RTCSC                                      6C       1       1       5   .abs_section_6c
     _RTCCNT                                     6D       1       1       0   .abs_section_6d
     _RTCMOD                                     6E       1       1       3   .abs_section_6e
     _SPI2C1                                     70       1       1       6   .abs_section_70
     _SPI2C2                                     71       1       1       2   .abs_section_71
     _SPI2BR                                     72       1       1       3   .abs_section_72
     _SPI2S                                      73       1       1       6   .abs_section_73
     _SPI2D16                                    74       2       2       7   .abs_section_74
     _SPI2M                                      76       2       2       0   .abs_section_76
     _USBCTL0                                    80       1       1       0   .abs_section_80
     _PERID                                      88       1       1       0   .abs_section_88
     _IDCOMP                                     89       1       1       0   .abs_section_89
     _REV                                        8A       1       1       0   .abs_section_8a
     _INTSTAT                                    90       1       1       0   .abs_section_90
     _INTENB                                     91       1       1       0   .abs_section_91
     _ERRSTAT                                    92       1       1       0   .abs_section_92
     _ERRENB                                     93       1       1       0   .abs_section_93
     _STAT                                       94       1       1       0   .abs_section_94
     _CTL                                        95       1       1       0   .abs_section_95
     _ADDR                                       96       1       1       0   .abs_section_96
     _FRMNUML                                    97       1       1       0   .abs_section_97
     _FRMNUMH                                    98       1       1       0   .abs_section_98
     _EPCTL0                                     9D       1       1       0   .abs_section_9d
     _EPCTL1                                     9E       1       1       0   .abs_section_9e
     _EPCTL2                                     9F       1       1       0   .abs_section_9f
     _EPCTL3                                     A0       1       1       0   .abs_section_a0
     _EPCTL4                                     A1       1       1       0   .abs_section_a1
     _EPCTL5                                     A2       1       1       0   .abs_section_a2
     _EPCTL6                                     A3       1       1       0   .abs_section_a3
     ledCounter                                  D0       2       2       3   .bss        
     u16Main_Offset                              D2       2       2       7   .bss        
     gu8SD_Response                              D4       5       5      18   .bss        
     gu8SD_CSD                                   D9      10      16       1   .bss        
     OutFlg                                      E9       1       1       1   .bss        
     ModeFlg                                     EA       1       1       1   .bss        
     SerFlag                                     EB       1       1       5   .bss        
     ErrFlag                                     EC       1       1       3   .bss        
     BufferRead                                  ED       1       1       1   .bss        
     EnUser                                      EE       1       1       6   .bss        
     WHandler                                    EF      19      25      37   .common     
     RHandler                                   108       A      10       5   .common     
     ag8FATReadBuffer                           112     200     512      24   .common     
     u16FAT_Sector_Size                         312       2       2      13   .common     
     u16FAT_Cluster_Size                        314       2       2       2   .common     
     u16FAT_FAT_BASE                            316       2       2      12   .common     
     u16FAT_Root_BASE                           318       2       2      11   .common     
     u16FAT_Data_BASE                           31A       2       2       8   .common     
     u32DataSector                              31C       4       4       6   .common     
     gu8SD_Argument                             320       4       4      30   .common     
     u8sd_status                                324       1       1       7   .common     
     u8sd_command                               325       1       1       1   .common     
     u16buffer_index                            326       2       2       1   .common     
     recordNumber                               328       2       2       5   .common     
     sessionRuntime                             32A       4       4       4   .common     
     samplingStatus                             32E       1       1       3   .common     
     u8CircularBuffer                           32F     800    2048       2   .common     
     u16CBufferPutter                           B2F       2       2       5   .common     
     u16CBufferGetter                           B31       2       2       5   .common     
     u16CBufferBytes                            B33       2       2       4   .common     
     u16TempCBufferBytes                        B35       2       2       2   .common     
     ReadDataStop                               B37       1       1       3   .common     
     samples                                    B38       6       6       4   .common     
     u8Channel                                  B3E       1       1       4   .common     
     _SRS                                      1800       1       1       0   .abs_section_1800
     _SBDFR                                    1801       1       1       0   .abs_section_1801
     _SOPT1                                    1802       1       1       1   .abs_section_1802
     _SOPT2                                    1803       1       1       2   .abs_section_1803
     _SDID                                     1806       2       2       0   .abs_section_1806
     _SPMSC1                                   1809       1       1       1   .abs_section_1809
     _SPMSC2                                   180A       1       1       1   .abs_section_180a
     _DBGCA                                    1810       2       2       0   .abs_section_1810
     _DBGCB                                    1812       2       2       0   .abs_section_1812
     _DBGF                                     1814       2       2       0   .abs_section_1814
     _DBGC                                     1816       1       1       0   .abs_section_1816
     _DBGT                                     1817       1       1       0   .abs_section_1817
     _DBGS                                     1818       1       1       0   .abs_section_1818
     _FCDIV                                    1820       1       1       0   .abs_section_1820
     _FOPT                                     1821       1       1       0   .abs_section_1821
     _FCNFG                                    1823       1       1       0   .abs_section_1823
     _FPROT                                    1824       1       1       0   .abs_section_1824
     _FSTAT                                    1825       1       1       0   .abs_section_1825
     _FCMD                                     1826       1       1       0   .abs_section_1826
     _PTAPE                                    1840       1       1       0   .abs_section_1840
     _PTASE                                    1841       1       1       1   .abs_section_1841
     _PTADS                                    1842       1       1       1   .abs_section_1842
     _PTBPE                                    1844       1       1       0   .abs_section_1844
     _PTBSE                                    1845       1       1       1   .abs_section_1845
     _PTBDS                                    1846       1       1       2   .abs_section_1846
     _PTCPE                                    1848       1       1       1   .abs_section_1848
     _PTCSE                                    1849       1       1       1   .abs_section_1849
     _PTCDS                                    184A       1       1       1   .abs_section_184a
     _PTDPE                                    184C       1       1       0   .abs_section_184c
     _PTDSE                                    184D       1       1       1   .abs_section_184d
     _PTDDS                                    184E       1       1       1   .abs_section_184e
     _PTEPE                                    1850       1       1       0   .abs_section_1850
     _PTESE                                    1851       1       1       1   .abs_section_1851
     _PTEDS                                    1852       1       1       1   .abs_section_1852
     _PTFPE                                    1854       1       1       0   .abs_section_1854
     _PTFSE                                    1855       1       1       1   .abs_section_1855
     _PTFDS                                    1856       1       1       1   .abs_section_1856
     _PTGPE                                    1858       1       1       0   .abs_section_1858
     _PTGSE                                    1859       1       1       1   .abs_section_1859
     _PTGDS                                    185A       1       1       1   .abs_section_185a
     Cpu_Interrupt                             1960       4       4      27   .init       
     _EntryPoint                               1964      56      86       1   .init       
     PE_low_level_init                         19BA      64     100       1   .init       
     sampleTimer_OnInterrupt                   1A30      23      35       1   .text       
     SM1_OnRxChar                              1A53       1       1       1   .text       
     SM1_OnTxChar                              1A54       1       1       1   .text       
     SM1_OnError                               1A55       1       1       1   .text       
     LWordSwap                                 1A56      7E     126       3   .text       
     FAT_Read_Master_Block                     1AD4     12B     299       2   .text       
     FAT_FileClose                             1BFF     253     595       2   .text       
     FAT_SearchAvailableFAT                    1E52      9B     155       2   .text       
     FAT_Entry                                 1EED     101     257       2   .text       
     FAT_FileNameOrganizer                     1FEE      43      67       1   .text       
     FAT_FileOpen                              2031     31E     798      17   .text       
     main                                      234F      23      35       1   .text       
     SD_Init                                   2372     13A     314       9   .text       
     SPI_SS_Disable_Delay                      24AC       9       9       2   .text       
     SD_CBufferDataSectorWrite                 24B5      86     134       1   .text       
     SD_Write_Block                            253B      8A     138       3   .text       
     SD_Erase_Blocks                           25C5      7A     122       1   .text       
     SD_Read_CSD                               263F      43      67       1   .text       
     SD_Read_Block                             2682      63      99       6   .text       
     SD_SendCommand                            26E5      74     116      11   .text       
     SD_SendCommandR7                          2759      A2     162       1   .text       
     SD_SendCommandR3                          27FB      82     130       2   .text       
     SD_CLKDelay                               287D       F      15      10   .text       
     loopUntilReady                            288C       4       4       3   .text       
     SPI_Init                                  2890      25      37       1   .text       
     SPI_Send_byte                             28B5       D      13      18   .text       
     SPI_Receive_byte                          28C2       B      11      19   .text       
     SPI_High_rate                             28CD       7       7       1   .text       
     initialiseSensorBoard                     28D4      56      86       1   .text       
     initialiseLEDs                            292A      11      17       1   .text       
     pulsePowerLED                             293B      62      98       2   .text       
     pulseStatusLED                            299D      62      98       1   .text       
     pulseReceiveLED                           29FF      62      98       6   .text       
     pulseTransmitLED                          2A61      62      98       3   .text       
     startSampling                             2AC3      2D      45       1   .text       
     vfnSDwelcome                              2AF0      D5     213       1   .text       
     ReadData                                  2BC5       A      10       1   .text       
     writeRecordToCBuffer                      2BCF      3C      60       1   .text       
     ToCBuffer                                 2C0B      21      33       7   .text       
     FromCBuffer                               2C2C      2A      42       1   .text       
     Sample_Accel                              2C56      34      52       1   .text       
     toggleStatusLED                           2C8A       9       9       1   .text       
     incrementRunningClock                     2C93      19      25       1   .text       
     stopSampling                              2CAC       9       9       1   .text       
     loadByte                                  2CB5       E      14       5   .text       
     Init                                      2CC3      6D     109       1   .text       
     _Startup                                  2D30       9       9       1   .text       
     AD1_Init                                  2D39      10      16       1   .text       
     SM1_Interrupt                             2D49      52      82       1   .text       
     SM1_Init                                  2D9B      16      22       1   .text       
     filterTimer_InitTO                        2DB1      12      18       1   .text       
     HWEnDi                                    2DC3      10      16       3   .text       
     sampleTimer_Enable                        2DD3       E      14       1   .text       
     sampleTimer_Disable                       2DE1       D      13       2   .text       
     sampleTimer_Init                          2DEE       E      14       1   .text       
     sampleTimer_Interrupt                     2DFC       8       8       1   .text       
     _PUSH_ARGS_L                              2E04      20      32       2   .text       
     _ENTER_UNARY_L                            2E24      29      41       3   .text       
     _ENTER_BINARY_L                           2E4D      16      22       1   .text       
     _ENTER_BINARY_L_RC                        2E63      19      25       3   .text       
     _IDIVMOD                                  2E7C      69     105       2   .text       
     _LADD_k_is_k_plus_j                       2EE5      1F      31       2   .text       
     _LAND_k_is_k_and_j                        2F04      1F      31       1   .text       
     _LCMP_k_rel_j                             2F23      1F      31       1   .text       
     _IDIVU_STAR08                             2F42       D      13       4   .text       
     _IMODU_STAR08                             2F4F      10      16       5   .text       
     _ILSR                                     2F5F       C      12       2   .text       
     _ILSL                                     2F6B       C      12       3   .text       
     _LINC                                     2F77      16      22       2   .text       
     _LADD                                     2F8D       6       6       7   .text       
     _LADD_RC                                  2F93       6       6       2   .text       
     _LAND_RC                                  2F99       6       6       2   .text       
     _LLSR                                     2F9F      16      22       2   .text       
     _LLSL                                     2FB5      16      22       6   .text       
     _LCMP_RC                                  2FCB       6       6       1   .text       
     _COPY                                     2FD1      30      48       2   .text       
     _POP32                                    3001      1A      26      11   .text       
     STRING.FILE.TXT.1                         301B       9       9       1   .rodata1    
     STRING.FILE.TXT.2                         3024       9       9       1   .rodata1    
     NVPROT_INIT                               FFBD       1       1       0   .abs_section_ffbd
     NVOPT_INIT                                FFBF       1       1       0   .abs_section_ffbf
     _vect                                     FFC4      3C      60       0   .abs_section_ffc4

*********************************************************************************************
UNUSED-OBJECTS SECTION
---------------------------------------------------------------------------------------------
NOT USED PROCEDURES
Events_c.obj:
  AD1_OnEnd 
Fat_c.obj:
  FAT_DataSectorWrite FAT_FileWrite FAT_FileRead 
SPI_c.obj:
  SPI1_Init SPI1_Send_byte SPI1_Receive_byte 
Vib_Cont_01_c.obj:
  vfnWriteFile ADC_ISR togglePowerLED toggleReceiveLED toggleTransmitLED 
AD1_c.obj:
  AD1_MainMeasure AD1_HWEnDi PE_AD1_Measure AD1_MeasureChan AD1_GetValue16 
  AD1_GetChanValue16 
SM1_c.obj:
  SM1_RecvChar SM1_SendChar SM1_GetCharsInRxBuf SM1_GetCharsInTxBuf 
  SM1_GetError 
rtshc08.o (ansiis.lib):
  _PUSH_ARGS_D _ENTER_UNARY_L64 _ENTER_UNARY_L64_4 _ENTER_BINARY_L_LC 
  _ENTER_BINARY_L64 _ENTER_BINARY_L64_LC _ENTER_BINARY_L64_RC _SPLITSIGN 
  _k_is_k_plus_j_l _k_is_k_plus_j_i _LSUB_k_is_k_minus_j _LOR_k_is_k_or_j 
  _LXOR_k_is_k_xor_j _LMUL_k_is_k_mul_j _LDIVMOD _NEG_L_HX _ABS_L_HX 
  _SPLITSIGN_L _LMODU_k_is_k_mod_j _LDIVU_k_is_k_div_j _LMODS_k_is_k_mod_j 
  _LDIVS_k_is_k_div_j _CMP24_k_rel_j _BMULS _BDIVS _BMODS _IMUL_STAR08 
  _IDIVS_STAR08 _IMODS_STAR08 _IDIVU_8 _IMODU_8 _IASR _ICMP _LDEC _LNEG _LNOT 
  _LSUB _LSUB_LC _LSUB_RC _LAND _LOR _LOR_RC _LXOR _LXOR_RC _LMUL _LMUL_RC 
  _LDIVS _LDIVS_LC _LDIVS_RC _LDIVU _LDIVU_LC _LDIVU_RC _LMODS _LMODS_LC 
  _LMODS_RC _LMODU _LMODU_LC _LMODU_RC _LASR _LCMP _PUSH_ARGS_24 
  _ENTER_BINARY_24_RC _ENTER_BINARY_24 _CMP24 _CMP24_RC _COPY_L _POP64 _STORE32 
  _STORE64 _SEXT8_32 _SEXT16_32 _CALL_STAR08 _CALL_STAR08_FAR _Jump_Table_Addr 
  _Jump_Table_Offset _Jump_Table_Header_Addr _Jump_Table_Header_Offset 
  _Search_Table_16_Addr _Search_Table_16_Offset _Search_Table_8_Addr 
  _Search_Table_8_Offset _PUSH_CC _POP_CC _CONV_FAR_TO_NEAR _CONV_FAR_TO_LINEAR 
  _CONV_LINEAR_TO_FAR 
NOT USED VARIABLES
Events_c.obj:
  FLASH_PERIOD 
Fat_c.obj:
  ag8FATWriteBuffer 
Vib_Cont_01_c.obj:
  SAMPLE_RATE NUM_CHANNELS RECORD_COUNTER_SIZE DIVISOR_SIZE 
  LINE_DELIMETER_SIZE SAMPLE_SIZE RECORD_SIZE RUNTIME_HOURS RUNTIME_MINUTES 
  RUNTIME_SECONDS TOTAL_RUNTIME CLUSTER_SIZE NUM_CLUSTERS STRING.FILE.TXT.3 
  sampleResult.4 sampleResult.5 u8irda_status u8buffer u16file_counter 
  u8AccelSamples 
AD1_c.obj:
  Table Channels SumChan AD1_OutV WaitForRes 
Cpu_c.obj:
  CCR_reg 
SM1_c.obj:
  CCR_reg 
rtshc08.o (ansiis.lib):
  _PowOfTwo_8 _PowOfTwo_16 _PowOfTwo_32 errno 

*********************************************************************************************
COPYDOWN SECTION
---------------------------------------------------------------------------------------------
------- ROM-ADDRESS: 0x302D ---- SIZE       2 ---
Filling bytes inserted
 0000

*********************************************************************************************
OBJECT-DEPENDENCIES SECTION
---------------------------------------------------------------------------------------------
_EntryPoint               USES _SOPT1 _SOPT2 _SPMSC1 _SPMSC2 _MCGTRM _MCGSC 
                                _MCGC2 _MCGC1 _MCGC3 _Startup 
PE_low_level_init         USES _APCTL1 _APCTL2 _PTFD _PTFDD _PTBDD _PTBD 
                                _PTASE _PTBSE _PTCSE _PTDSE _PTESE _PTFSE _PTGSE 
                                _PTADS _PTBDS _PTCDS _PTDDS _PTEDS _PTFDS _PTGDS 
                                AD1_Init sampleTimer_Init filterTimer_InitTO SM1_Init 
sampleTimer_OnInterrupt   USES ledCounter toggleStatusLED 
                                incrementRunningClock Sample_Accel ReadData 
LWordSwap                 USES _LAND_RC _LLSR _POP32 _LADD _LLSL _COPY 
FAT_Read_Master_Block     USES u16Main_Offset ag8FATReadBuffer SD_Read_Block 
                                u16FAT_Cluster_Size FAT_Read_Master_Block u16FAT_Sector_Size 
                                u16FAT_FAT_BASE u16FAT_Root_BASE u16FAT_Data_BASE 
FAT_FileClose             USES u16FAT_Sector_Size _ILSR WHandler _IDIVU_STAR08 
                                _IMODU_STAR08 u16FAT_Root_BASE _LADD ag8FATReadBuffer 
                                SD_Read_Block _ILSL LWordSwap _COPY SD_Write_Block 
                                u16FAT_FAT_BASE 
FAT_SearchAvailableFAT    USES u16FAT_FAT_BASE ag8FATReadBuffer SD_Read_Block 
                                u16FAT_Sector_Size u16FAT_Root_BASE u16Main_Offset 
                                FAT_SearchAvailableFAT 
FAT_Entry                 USES u16FAT_Sector_Size _IDIVU_STAR08 _IMODU_STAR08 
                                u16FAT_FAT_BASE ag8FATReadBuffer SD_Read_Block SD_Write_Block 
FAT_FileOpen              USES u16FAT_Data_BASE u16FAT_Root_BASE 
                                FAT_FileNameOrganizer FAT_FileOpen ag8FATReadBuffer SD_Read_Block 
                                RHandler LWordSwap WHandler FAT_Entry 
                                u16FAT_Cluster_Size u16FAT_Sector_Size _ILSL _IMODU_STAR08 
                                _IDIVU_STAR08 _ILSR FAT_SearchAvailableFAT 
main                      USES PE_low_level_init initialiseSensorBoard 
                                startSampling pulsePowerLED pulseStatusLED pulseReceiveLED 
                                pulseTransmitLED 
SD_Init                   USES _PTCDD _PTCPE SPI_Init _PTCD SD_CLKDelay 
                                SPI_SS_Disable_Delay SD_Init SD_SendCommand _PTBD gu8SD_Argument 
                                SD_SendCommandR7 SD_SendCommandR3 gu8SD_Response SD_Read_CSD 
                                SPI_High_rate 
SD_CBufferDataSectorWrite USES _PTBD u32DataSector _LINC _POP32 gu8SD_Argument 
                                _LLSL SD_SendCommand SPI_Send_byte FromCBuffer 
                                SPI_Receive_byte SD_CLKDelay 
SD_Write_Block            USES _PTBD gu8SD_Argument _LLSL _POP32 
                                SD_SendCommand SPI_Send_byte SPI_Receive_byte SD_CLKDelay 
SD_Erase_Blocks           USES _PTBD gu8SD_Argument SD_SendCommand SD_CLKDelay 
                                SPI_Receive_byte _LLSL _POP32 
SD_Read_CSD               USES _PTBD gu8SD_Argument SD_SendCommand 
                                SPI_Receive_byte gu8SD_CSD SD_CLKDelay 
SD_Read_Block             USES _PTBD gu8SD_Argument _LLSL _POP32 
                                SD_SendCommand SPI_Receive_byte SD_CLKDelay 
SD_SendCommand            USES loopUntilReady SPI_Send_byte gu8SD_Argument 
                                SPI_Receive_byte gu8SD_Response 
SD_SendCommandR7          USES loopUntilReady gu8SD_Response SPI_Send_byte 
                                gu8SD_Argument SPI_Receive_byte 
SD_SendCommandR3          USES loopUntilReady gu8SD_Response SPI_Send_byte 
                                gu8SD_Argument SPI_Receive_byte 
SD_CLKDelay               USES SPI_Send_byte 
loopUntilReady            USES SD_CLKDelay 
SPI_Init                  USES _PTBD _PTBDD _SOPT2 _PTBDS _SPI2S _SPI2D16 
                                _SPI2BR _SPI2C2 _SPI2C1 
SPI_Send_byte             USES _SPI2S _SPI2D16 
SPI_Receive_byte          USES _SPI2D16 _SPI2S 
SPI_High_rate             USES _SPI2C1 _SPI2BR 
initialiseSensorBoard     USES sampleTimer_Disable initialiseLEDs 
                                pulsePowerLED _PTGD u16CBufferPutter u16CBufferGetter 
                                u16CBufferBytes ReadDataStop _PTFD SD_Init u8sd_status 
                                pulseReceiveLED pulseTransmitLED vfnSDwelcome recordNumber 
                                sessionRuntime 
initialiseLEDs            USES _PTGDD _PTGD _PTFDD _PTFD 
pulsePowerLED             USES _PTGD 
pulseStatusLED            USES _PTGD 
pulseReceiveLED           USES _PTFD 
pulseTransmitLED          USES _PTFD 
startSampling             USES samplingStatus sampleTimer_Enable 
                                u16CBufferBytes u16TempCBufferBytes _PTFD 
                                SD_CBufferDataSectorWrite ReadDataStop 
vfnSDwelcome              USES u8sd_status pulseReceiveLED 
                                FAT_Read_Master_Block STRING.FILE.TXT.1 FAT_FileOpen _PTFD 
                                STRING.FILE.TXT.2 WHandler FAT_Entry _LADD_RC _POP32 
                                u16FAT_Data_BASE u32DataSector SD_Erase_Blocks FAT_FileClose 
                                pulseTransmitLED u16buffer_index u8sd_command 
ReadData                  USES ReadDataStop writeRecordToCBuffer 
writeRecordToCBuffer      USES recordNumber ToCBuffer samples 
ToCBuffer                 USES u16CBufferPutter u8CircularBuffer 
                                u16CBufferBytes 
FromCBuffer               USES u16CBufferGetter u16CBufferBytes 
                                u8CircularBuffer 
Sample_Accel              USES _PTFD u8Channel recordNumber samples 
toggleStatusLED           USES _PTGD 
incrementRunningClock     USES sessionRuntime _LINC _POP32 _LCMP_RC 
                                stopSampling 
stopSampling              USES samplingStatus _PTGD sampleTimer_Disable 
Init                      USES _startupData loadByte 
_Startup                  USES __SEG_END_SSTACK Init main 
AD1_Init                  USES _ADCSC1 _ADCSC2 OutFlg ModeFlg _ADCCFG 
SM1_Interrupt             USES _SPI2S _SPI2D16 SerFlag BufferRead ErrFlag 
                                SM1_OnError SM1_OnRxChar SM1_OnTxChar 
SM1_Init                  USES SerFlag ErrFlag _SPI2S _SPI2D16 _SPI2BR _SPI2C2 
                                _SPI2C1 
filterTimer_InitTO        USES _TPM2SC _TPM2C0SC _TPM2C0V _TPM2MOD _TPM2CNT 
HWEnDi                    USES EnUser _RTCSC 
sampleTimer_Enable        USES EnUser HWEnDi 
sampleTimer_Disable       USES EnUser HWEnDi 
sampleTimer_Init          USES _RTCSC EnUser _RTCMOD HWEnDi 
sampleTimer_Interrupt     USES _RTCSC sampleTimer_OnInterrupt 
_ENTER_BINARY_L           USES _PUSH_ARGS_L 
_ENTER_BINARY_L_RC        USES _PUSH_ARGS_L 
_IDIVU_STAR08             USES _IDIVMOD 
_IMODU_STAR08             USES _IDIVMOD 
_LINC                     USES _ENTER_UNARY_L 
_LADD                     USES _ENTER_BINARY_L _LADD_k_is_k_plus_j 
_LADD_RC                  USES _ENTER_BINARY_L_RC _LADD_k_is_k_plus_j 
_LAND_RC                  USES _ENTER_BINARY_L_RC _LAND_k_is_k_and_j 
_LLSR                     USES _ENTER_UNARY_L 
_LLSL                     USES _ENTER_UNARY_L 
_LCMP_RC                  USES _ENTER_BINARY_L_RC _LCMP_k_rel_j 
_vect                     USES sampleTimer_Interrupt Cpu_Interrupt 
                                SM1_Interrupt _EntryPoint 

*********************************************************************************************
DEPENDENCY TREE
*********************************************************************************************
 main and _Startup Group
 | 
 +- main                
 |  | 
 |  +- PE_low_level_init   
 |  |  | 
 |  |  +- AD1_Init            
 |  |  |    
 |  |  +- sampleTimer_Init    
 |  |  |  | 
 |  |  |  +- HWEnDi              
 |  |  |       
 |  |  +- filterTimer_InitTO  
 |  |  |    
 |  |  +- SM1_Init            
 |  |       
 |  +- initialiseSensorBoard
 |  |  | 
 |  |  +- sampleTimer_Disable 
 |  |  |  | 
 |  |  |  +- HWEnDi               (see above)
 |  |  |     
 |  |  +- initialiseLEDs      
 |  |  |    
 |  |  +- pulsePowerLED       
 |  |  |    
 |  |  +- SD_Init             
 |  |  |  | 
 |  |  |  +- SPI_Init            
 |  |  |  |    
 |  |  |  +- SD_CLKDelay         
 |  |  |  |  | 
 |  |  |  |  +- SPI_Send_byte       
 |  |  |  |       
 |  |  |  +- SPI_SS_Disable_Delay
 |  |  |  |    
 |  |  |  +- SD_SendCommand      
 |  |  |  |  | 
 |  |  |  |  +- loopUntilReady      
 |  |  |  |  |  | 
 |  |  |  |  |  +- SD_CLKDelay          (see above)
 |  |  |  |  |     
 |  |  |  |  +- SPI_Send_byte        (see above)
 |  |  |  |  |  
 |  |  |  |  +- SPI_Receive_byte    
 |  |  |  |       
 |  |  |  +- SD_SendCommandR7    
 |  |  |  |  | 
 |  |  |  |  +- loopUntilReady       (see above)
 |  |  |  |  |  
 |  |  |  |  +- SPI_Send_byte        (see above)
 |  |  |  |  |  
 |  |  |  |  +- SPI_Receive_byte     (see above)
 |  |  |  |     
 |  |  |  +- SD_SendCommandR3    
 |  |  |  |  | 
 |  |  |  |  +- loopUntilReady       (see above)
 |  |  |  |  |  
 |  |  |  |  +- SPI_Send_byte        (see above)
 |  |  |  |  |  
 |  |  |  |  +- SPI_Receive_byte     (see above)
 |  |  |  |     
 |  |  |  +- SD_Read_CSD         
 |  |  |  |  | 
 |  |  |  |  +- SD_SendCommand       (see above)
 |  |  |  |  |  
 |  |  |  |  +- SPI_Receive_byte     (see above)
 |  |  |  |  |  
 |  |  |  |  +- SD_CLKDelay          (see above)
 |  |  |  |     
 |  |  |  +- SPI_High_rate       
 |  |  |       
 |  |  +- pulseReceiveLED     
 |  |  |    
 |  |  +- pulseTransmitLED    
 |  |  |    
 |  |  +- vfnSDwelcome        
 |  |     | 
 |  |     +- pulseReceiveLED      (see above)
 |  |     |  
 |  |     +- FAT_Read_Master_Block
 |  |     |  | 
 |  |     |  +- SD_Read_Block       
 |  |     |     | 
 |  |     |     +- _LLSL               
 |  |     |     |  | 
 |  |     |     |  +- _ENTER_UNARY_L      
 |  |     |     |       
 |  |     |     +- _POP32              
 |  |     |     |    
 |  |     |     +- SD_SendCommand       (see above)
 |  |     |     |  
 |  |     |     +- SPI_Receive_byte     (see above)
 |  |     |     |  
 |  |     |     +- SD_CLKDelay          (see above)
 |  |     |        
 |  |     +- FAT_FileOpen        
 |  |     |  | 
 |  |     |  +- FAT_FileNameOrganizer
 |  |     |  |    
 |  |     |  +- SD_Read_Block        (see above)
 |  |     |  |  
 |  |     |  +- LWordSwap           
 |  |     |  |  | 
 |  |     |  |  +- _LAND_RC            
 |  |     |  |  |  | 
 |  |     |  |  |  +- _ENTER_BINARY_L_RC  
 |  |     |  |  |  |  | 
 |  |     |  |  |  |  +- _PUSH_ARGS_L        
 |  |     |  |  |  |       
 |  |     |  |  |  +- _LAND_k_is_k_and_j  
 |  |     |  |  |       
 |  |     |  |  +- _LLSR               
 |  |     |  |  |  | 
 |  |     |  |  |  +- _ENTER_UNARY_L       (see above)
 |  |     |  |  |     
 |  |     |  |  +- _POP32               (see above)
 |  |     |  |  |  
 |  |     |  |  +- _LADD               
 |  |     |  |  |  | 
 |  |     |  |  |  +- _ENTER_BINARY_L     
 |  |     |  |  |  |  | 
 |  |     |  |  |  |  +- _PUSH_ARGS_L         (see above)
 |  |     |  |  |  |     
 |  |     |  |  |  +- _LADD_k_is_k_plus_j 
 |  |     |  |  |       
 |  |     |  |  +- _LLSL                (see above)
 |  |     |  |  |  
 |  |     |  |  +- _COPY               
 |  |     |  |       
 |  |     |  +- FAT_Entry           
 |  |     |  |  | 
 |  |     |  |  +- _IDIVU_STAR08       
 |  |     |  |  |  | 
 |  |     |  |  |  +- _IDIVMOD            
 |  |     |  |  |       
 |  |     |  |  +- _IMODU_STAR08       
 |  |     |  |  |  | 
 |  |     |  |  |  +- _IDIVMOD             (see above)
 |  |     |  |  |     
 |  |     |  |  +- SD_Read_Block        (see above)
 |  |     |  |  |  
 |  |     |  |  +- SD_Write_Block      
 |  |     |  |     | 
 |  |     |  |     +- _LLSL                (see above)
 |  |     |  |     |  
 |  |     |  |     +- _POP32               (see above)
 |  |     |  |     |  
 |  |     |  |     +- SD_SendCommand       (see above)
 |  |     |  |     |  
 |  |     |  |     +- SPI_Send_byte        (see above)
 |  |     |  |     |  
 |  |     |  |     +- SPI_Receive_byte     (see above)
 |  |     |  |     |  
 |  |     |  |     +- SD_CLKDelay          (see above)
 |  |     |  |        
 |  |     |  +- _ILSL               
 |  |     |  |    
 |  |     |  +- _IMODU_STAR08        (see above)
 |  |     |  |  
 |  |     |  +- _IDIVU_STAR08        (see above)
 |  |     |  |  
 |  |     |  +- _ILSR               
 |  |     |  |    
 |  |     |  +- FAT_SearchAvailableFAT
 |  |     |     | 
 |  |     |     +- SD_Read_Block        (see above)
 |  |     |        
 |  |     +- FAT_Entry            (see above)
 |  |     |  
 |  |     +- _LADD_RC            
 |  |     |  | 
 |  |     |  +- _ENTER_BINARY_L_RC   (see above)
 |  |     |  |  
 |  |     |  +- _LADD_k_is_k_plus_j  (see above)
 |  |     |     
 |  |     +- _POP32               (see above)
 |  |     |  
 |  |     +- SD_Erase_Blocks     
 |  |     |  | 
 |  |     |  +- SD_SendCommand       (see above)
 |  |     |  |  
 |  |     |  +- SD_CLKDelay          (see above)
 |  |     |  |  
 |  |     |  +- SPI_Receive_byte     (see above)
 |  |     |  |  
 |  |     |  +- _LLSL                (see above)
 |  |     |  |  
 |  |     |  +- _POP32               (see above)
 |  |     |     
 |  |     +- FAT_FileClose       
 |  |     |  | 
 |  |     |  +- _ILSR                (see above)
 |  |     |  |  
 |  |     |  +- _IDIVU_STAR08        (see above)
 |  |     |  |  
 |  |     |  +- _IMODU_STAR08        (see above)
 |  |     |  |  
 |  |     |  +- _LADD                (see above)
 |  |     |  |  
 |  |     |  +- SD_Read_Block        (see above)
 |  |     |  |  
 |  |     |  +- _ILSL                (see above)
 |  |     |  |  
 |  |     |  +- LWordSwap            (see above)
 |  |     |  |  
 |  |     |  +- _COPY                (see above)
 |  |     |  |  
 |  |     |  +- SD_Write_Block       (see above)
 |  |     |     
 |  |     +- pulseTransmitLED     (see above)
 |  |        
 |  +- startSampling       
 |  |  | 
 |  |  +- sampleTimer_Enable  
 |  |  |  | 
 |  |  |  +- HWEnDi               (see above)
 |  |  |     
 |  |  +- SD_CBufferDataSectorWrite
 |  |     | 
 |  |     +- _LINC               
 |  |     |  | 
 |  |     |  +- _ENTER_UNARY_L       (see above)
 |  |     |     
 |  |     +- _POP32               (see above)
 |  |     |  
 |  |     +- _LLSL                (see above)
 |  |     |  
 |  |     +- SD_SendCommand       (see above)
 |  |     |  
 |  |     +- SPI_Send_byte        (see above)
 |  |     |  
 |  |     +- FromCBuffer         
 |  |     |    
 |  |     +- SPI_Receive_byte     (see above)
 |  |     |  
 |  |     +- SD_CLKDelay          (see above)
 |  |        
 |  +- pulsePowerLED        (see above)
 |  |  
 |  +- pulseStatusLED      
 |  |    
 |  +- pulseReceiveLED      (see above)
 |  |  
 |  +- pulseTransmitLED     (see above)
 |     
 +- _EntryPoint         
    | 
    +- _Startup            
       | 
       +- Init                
       |  | 
       |  +- loadByte            
       |       
       +- main                 (see above)
          
 _vect               
 | 
 +- sampleTimer_Interrupt
 |  | 
 |  +- sampleTimer_OnInterrupt
 |     | 
 |     +- toggleStatusLED     
 |     |    
 |     +- incrementRunningClock
 |     |  | 
 |     |  +- _LINC                (see above)
 |     |  |  
 |     |  +- _POP32               (see above)
 |     |  |  
 |     |  +- _LCMP_RC            
 |     |  |  | 
 |     |  |  +- _ENTER_BINARY_L_RC   (see above)
 |     |  |  |  
 |     |  |  +- _LCMP_k_rel_j       
 |     |  |       
 |     |  +- stopSampling        
 |     |     | 
 |     |     +- sampleTimer_Disable  (see above)
 |     |        
 |     +- Sample_Accel        
 |     |    
 |     +- ReadData            
 |        | 
 |        +- writeRecordToCBuffer
 |           | 
 |           +- ToCBuffer           
 |                
 +- Cpu_Interrupt       
 |    
 +- SM1_Interrupt       
 |  | 
 |  +- SM1_OnError         
 |  |    
 |  +- SM1_OnRxChar        
 |  |    
 |  +- SM1_OnTxChar        
 |       
 +- _EntryPoint          (see above)
    
*********************************************************************************************
STATISTIC SECTION
---------------------------------------------------------------------------------------------

ExeFile:
--------
Number of blocks to be downloaded: 8
Total size of all blocks to be downloaded: 5901

