*** EVALUATION ***
PROGRAM "test.abs"

*********************************************************************************************
TARGET SECTION
---------------------------------------------------------------------------------------------
Processor   : Freescale HC08
Memory Model: SMALL
File Format : ELF\DWARF 2.0
Linker      : SmartLinker V-5.0.50 Build 13087, Mar 29 2013

*********************************************************************************************
FILE SECTION
---------------------------------------------------------------------------------------------
Events_c.obj                            Model: SMALL,         Lang: ANSI-C
ProcessorExpert_c.obj                   Model: SMALL,         Lang: ANSI-C
start08_c.obj                           Model: SMALL,         Lang: ANSI-C
Cpu_c.obj                               Model: SMALL,         Lang: ANSI-C
IO_Map_c.obj                            Model: SMALL,         Lang: ANSI-C
PE_Cnvrt_c.obj                          Model: SMALL,         Lang: ANSI-C
Vectors_c.obj                           Model: SMALL,         Lang: ANSI-C
accelerometer_c.obj                     Model: SMALL,         Lang: ANSI-C
batteryMonitor_c.obj                    Model: SMALL,         Lang: ANSI-C
massStorageSerial_c.obj                 Model: SMALL,         Lang: ANSI-C
samplingTimer_c.obj                     Model: SMALL,         Lang: ANSI-C
wirelessSerial_c.obj                    Model: SMALL,         Lang: ANSI-C

*********************************************************************************************
STARTUP SECTION
---------------------------------------------------------------------------------------------
Entry point: 0x1964 (_EntryPoint)
_startupData is allocated at 0x1A50 and uses 6 Bytes
extern struct _tagStartup {
  unsigned nofZeroOut     1
  _Range   pZeroOut       0xD0     46
  _Copy    *toCopyDownBeg 0x1DC3
} _startupData;

*********************************************************************************************
SECTION-ALLOCATION SECTION
Section Name                    Size  Type     From       To       Segment
---------------------------------------------------------------------------------------------
.text                            861     R     0x1A62     0x1DBE   ROM
.rodata                            4     R     0x1DBF     0x1DC2   ROM
.abs_section_ffbd                  1     R     0xFFBD     0xFFBD   .absSeg0
.abs_section_ffbf                  1     R     0xFFBF     0xFFBF   .absSeg1
.abs_section_0                     1   N/I        0x0        0x0   .absSeg2
.abs_section_1                     1   N/I        0x1        0x1   .absSeg3
.abs_section_2                     1   N/I        0x2        0x2   .absSeg4
.abs_section_3                     1   N/I        0x3        0x3   .absSeg5
.abs_section_4                     1   N/I        0x4        0x4   .absSeg6
.abs_section_5                     1   N/I        0x5        0x5   .absSeg7
.abs_section_6                     1   N/I        0x6        0x6   .absSeg8
.abs_section_7                     1   N/I        0x7        0x7   .absSeg9
.abs_section_8                     1   N/I        0x8        0x8   .absSeg10
.abs_section_9                     1   N/I        0x9        0x9   .absSeg11
.abs_section_a                     1   N/I        0xA        0xA   .absSeg12
.abs_section_b                     1   N/I        0xB        0xB   .absSeg13
.abs_section_c                     1   N/I        0xC        0xC   .absSeg14
.abs_section_d                     1   N/I        0xD        0xD   .absSeg15
.abs_section_e                     1   N/I        0xE        0xE   .absSeg16
.abs_section_10                    1   N/I       0x10       0x10   .absSeg17
.abs_section_11                    1   N/I       0x11       0x11   .absSeg18
.abs_section_16                    1   N/I       0x16       0x16   .absSeg19
.abs_section_17                    1   N/I       0x17       0x17   .absSeg20
.abs_section_18                    1   N/I       0x18       0x18   .absSeg21
.abs_section_1b                    1   N/I       0x1B       0x1B   .absSeg22
.abs_section_1c                    1   N/I       0x1C       0x1C   .absSeg23
.abs_section_1d                    1   N/I       0x1D       0x1D   .absSeg24
.abs_section_1e                    1   N/I       0x1E       0x1E   .absSeg25
.abs_section_20                    1   N/I       0x20       0x20   .absSeg26
.abs_section_25                    1   N/I       0x25       0x25   .absSeg27
.abs_section_28                    1   N/I       0x28       0x28   .absSeg28
.abs_section_2b                    1   N/I       0x2B       0x2B   .absSeg29
.abs_section_2e                    1   N/I       0x2E       0x2E   .absSeg30
.abs_section_3a                    1   N/I       0x3A       0x3A   .absSeg31
.abs_section_3b                    1   N/I       0x3B       0x3B   .absSeg32
.abs_section_3c                    1   N/I       0x3C       0x3C   .absSeg33
.abs_section_3d                    1   N/I       0x3D       0x3D   .absSeg34
.abs_section_3e                    1   N/I       0x3E       0x3E   .absSeg35
.abs_section_3f                    1   N/I       0x3F       0x3F   .absSeg36
.abs_section_42                    1   N/I       0x42       0x42   .absSeg37
.abs_section_43                    1   N/I       0x43       0x43   .absSeg38
.abs_section_44                    1   N/I       0x44       0x44   .absSeg39
.abs_section_45                    1   N/I       0x45       0x45   .absSeg40
.abs_section_46                    1   N/I       0x46       0x46   .absSeg41
.abs_section_47                    1   N/I       0x47       0x47   .absSeg42
.abs_section_48                    1   N/I       0x48       0x48   .absSeg43
.abs_section_49                    1   N/I       0x49       0x49   .absSeg44
.abs_section_4a                    1   N/I       0x4A       0x4A   .absSeg45
.abs_section_4b                    1   N/I       0x4B       0x4B   .absSeg46
.abs_section_4c                    1   N/I       0x4C       0x4C   .absSeg47
.abs_section_50                    1   N/I       0x50       0x50   .absSeg48
.abs_section_51                    1   N/I       0x51       0x51   .absSeg49
.abs_section_52                    1   N/I       0x52       0x52   .absSeg50
.abs_section_53                    1   N/I       0x53       0x53   .absSeg51
.abs_section_58                    1   N/I       0x58       0x58   .absSeg52
.abs_section_59                    1   N/I       0x59       0x59   .absSeg53
.abs_section_5a                    1   N/I       0x5A       0x5A   .absSeg54
.abs_section_5b                    1   N/I       0x5B       0x5B   .absSeg55
.abs_section_5c                    1   N/I       0x5C       0x5C   .absSeg56
.abs_section_5d                    1   N/I       0x5D       0x5D   .absSeg57
.abs_section_60                    1   N/I       0x60       0x60   .absSeg58
.abs_section_65                    1   N/I       0x65       0x65   .absSeg59
.abs_section_68                    1   N/I       0x68       0x68   .absSeg60
.abs_section_6c                    1   N/I       0x6C       0x6C   .absSeg61
.abs_section_6d                    1   N/I       0x6D       0x6D   .absSeg62
.abs_section_6e                    1   N/I       0x6E       0x6E   .absSeg63
.abs_section_70                    1   N/I       0x70       0x70   .absSeg64
.abs_section_71                    1   N/I       0x71       0x71   .absSeg65
.abs_section_72                    1   N/I       0x72       0x72   .absSeg66
.abs_section_73                    1   N/I       0x73       0x73   .absSeg67
.abs_section_80                    1   N/I       0x80       0x80   .absSeg68
.abs_section_88                    1   N/I       0x88       0x88   .absSeg69
.abs_section_89                    1   N/I       0x89       0x89   .absSeg70
.abs_section_8a                    1   N/I       0x8A       0x8A   .absSeg71
.abs_section_90                    1   N/I       0x90       0x90   .absSeg72
.abs_section_91                    1   N/I       0x91       0x91   .absSeg73
.abs_section_92                    1   N/I       0x92       0x92   .absSeg74
.abs_section_93                    1   N/I       0x93       0x93   .absSeg75
.abs_section_94                    1   N/I       0x94       0x94   .absSeg76
.abs_section_95                    1   N/I       0x95       0x95   .absSeg77
.abs_section_96                    1   N/I       0x96       0x96   .absSeg78
.abs_section_97                    1   N/I       0x97       0x97   .absSeg79
.abs_section_98                    1   N/I       0x98       0x98   .absSeg80
.abs_section_9d                    1   N/I       0x9D       0x9D   .absSeg81
.abs_section_9e                    1   N/I       0x9E       0x9E   .absSeg82
.abs_section_9f                    1   N/I       0x9F       0x9F   .absSeg83
.abs_section_a0                    1   N/I       0xA0       0xA0   .absSeg84
.abs_section_a1                    1   N/I       0xA1       0xA1   .absSeg85
.abs_section_a2                    1   N/I       0xA2       0xA2   .absSeg86
.abs_section_a3                    1   N/I       0xA3       0xA3   .absSeg87
.abs_section_1800                  1   N/I     0x1800     0x1800   .absSeg88
.abs_section_1801                  1   N/I     0x1801     0x1801   .absSeg89
.abs_section_1802                  1   N/I     0x1802     0x1802   .absSeg90
.abs_section_1803                  1   N/I     0x1803     0x1803   .absSeg91
.abs_section_1809                  1   N/I     0x1809     0x1809   .absSeg92
.abs_section_180a                  1   N/I     0x180A     0x180A   .absSeg93
.abs_section_1816                  1   N/I     0x1816     0x1816   .absSeg94
.abs_section_1817                  1   N/I     0x1817     0x1817   .absSeg95
.abs_section_1818                  1   N/I     0x1818     0x1818   .absSeg96
.abs_section_1820                  1   N/I     0x1820     0x1820   .absSeg97
.abs_section_1821                  1   N/I     0x1821     0x1821   .absSeg98
.abs_section_1823                  1   N/I     0x1823     0x1823   .absSeg99
.abs_section_1824                  1   N/I     0x1824     0x1824   .absSeg100
.abs_section_1825                  1   N/I     0x1825     0x1825   .absSeg101
.abs_section_1826                  1   N/I     0x1826     0x1826   .absSeg102
.abs_section_1840                  1   N/I     0x1840     0x1840   .absSeg103
.abs_section_1841                  1   N/I     0x1841     0x1841   .absSeg104
.abs_section_1842                  1   N/I     0x1842     0x1842   .absSeg105
.abs_section_1844                  1   N/I     0x1844     0x1844   .absSeg106
.abs_section_1845                  1   N/I     0x1845     0x1845   .absSeg107
.abs_section_1846                  1   N/I     0x1846     0x1846   .absSeg108
.abs_section_1848                  1   N/I     0x1848     0x1848   .absSeg109
.abs_section_1849                  1   N/I     0x1849     0x1849   .absSeg110
.abs_section_184a                  1   N/I     0x184A     0x184A   .absSeg111
.abs_section_184c                  1   N/I     0x184C     0x184C   .absSeg112
.abs_section_184d                  1   N/I     0x184D     0x184D   .absSeg113
.abs_section_184e                  1   N/I     0x184E     0x184E   .absSeg114
.abs_section_1850                  1   N/I     0x1850     0x1850   .absSeg115
.abs_section_1851                  1   N/I     0x1851     0x1851   .absSeg116
.abs_section_1852                  1   N/I     0x1852     0x1852   .absSeg117
.abs_section_1854                  1   N/I     0x1854     0x1854   .absSeg118
.abs_section_1855                  1   N/I     0x1855     0x1855   .absSeg119
.abs_section_1856                  1   N/I     0x1856     0x1856   .absSeg120
.abs_section_1858                  1   N/I     0x1858     0x1858   .absSeg121
.abs_section_1859                  1   N/I     0x1859     0x1859   .absSeg122
.abs_section_185a                  1   N/I     0x185A     0x185A   .absSeg123
.abs_section_12                    2   N/I       0x12       0x13   .absSeg124
.abs_section_14                    2   N/I       0x14       0x15   .absSeg125
.abs_section_21                    2   N/I       0x21       0x22   .absSeg126
.abs_section_23                    2   N/I       0x23       0x24   .absSeg127
.abs_section_26                    2   N/I       0x26       0x27   .absSeg128
.abs_section_29                    2   N/I       0x29       0x2A   .absSeg129
.abs_section_2c                    2   N/I       0x2C       0x2D   .absSeg130
.abs_section_2f                    2   N/I       0x2F       0x30   .absSeg131
.abs_section_38                    2   N/I       0x38       0x39   .absSeg132
.abs_section_40                    2   N/I       0x40       0x41   .absSeg133
.abs_section_54                    2   N/I       0x54       0x55   .absSeg134
.abs_section_56                    2   N/I       0x56       0x57   .absSeg135
.abs_section_61                    2   N/I       0x61       0x62   .absSeg136
.abs_section_63                    2   N/I       0x63       0x64   .absSeg137
.abs_section_66                    2   N/I       0x66       0x67   .absSeg138
.abs_section_69                    2   N/I       0x69       0x6A   .absSeg139
.abs_section_74                    2   N/I       0x74       0x75   .absSeg140
.abs_section_76                    2   N/I       0x76       0x77   .absSeg141
.abs_section_1806                  2   N/I     0x1806     0x1807   .absSeg142
.abs_section_1810                  2   N/I     0x1810     0x1811   .absSeg143
.abs_section_1812                  2   N/I     0x1812     0x1813   .absSeg144
.abs_section_1814                  2   N/I     0x1814     0x1815   .absSeg145
.abs_section_ffc4                 60     R     0xFFC4     0xFFFF   .absSeg146
.bss                              21   R/W       0xD0       0xE4   RAM
.startData                        18     R     0x1A50     0x1A61   ROM
.init                            240     R     0x1960     0x1A4F   ROM
.common                           25   R/W       0xE5       0xFD   RAM
.stack                           128   R/W       0xFE      0x17D   RAM
.copy                              2     R     0x1DC3     0x1DC4   ROM

Summary of section sizes per section type:
READ_ONLY (R):         4A3 (dec:     1187)
READ_WRITE (R/W):       AE (dec:      174)
NO_INIT (N/I):          A6 (dec:      166)

*********************************************************************************************
VECTOR-ALLOCATION SECTION
    Address     InitValue   InitFunction
---------------------------------------------------------------------------------------------

*********************************************************************************************
OBJECT-ALLOCATION SECTION
     Name               Module                 Addr   hSize   dSize     Ref    Section   RLIB
---------------------------------------------------------------------------------------------
MODULE:                 -- Events_c.obj --
- PROCEDURES:
     wirelessSerial_OnRxChar                   1A62       1       1       1   .text       
     wirelessSerial_OnTxChar                   1A63       1       1       1   .text       
     wirelessSerial_OnError                    1A64       1       1       1   .text       
     batteryMonitor_OnEnd                      1A65       1       1       1   .text       
     accelerometer_OnEnd                       1A66       1       1       1   .text       
     samplingTimer_OnInterrupt                 1A67       1       1       1   .text       
- VARIABLES:
MODULE:                 -- ProcessorExpert_c.obj --
- PROCEDURES:
     main                                      1A68       5       5       1   .text       
- VARIABLES:
MODULE:                 -- start08_c.obj --
- PROCEDURES:
     loadByte                                  1A6D       E      14       5   .text       
     Init                                      1A7B      6D     109       1   .text       
     _Startup                                  1AE8       9       9       1   .text       
- VARIABLES:
     _startupData                              1A50       6       6       4   .startData  
- LABELS:
     __SEG_END_SSTACK                           17E       0       0       1               
MODULE:                 -- Cpu_c.obj --
- PROCEDURES:
     Cpu_Interrupt                             1960       4       4      26   .init       
     _EntryPoint                               1964      3B      59       1   .init       
     PE_low_level_init                         199F      B1     177       1   .init       
- VARIABLES:
     NVPROT_INIT                               FFBD       1       1       0   .abs_section_ffbd
     NVOPT_INIT                                FFBF       1       1       0   .abs_section_ffbf
     CCR_reg                                     E5       1       1       4   .common     
MODULE:                 -- IO_Map_c.obj --
- PROCEDURES:
- VARIABLES:
     _PTAD                                        0       1       1       0   .abs_section_0
     _PTADD                                       1       1       1       2   .abs_section_1
     _PTBD                                        2       1       1       0   .abs_section_2
     _PTBDD                                       3       1       1       2   .abs_section_3
     _PTCD                                        4       1       1       1   .abs_section_4
     _PTCDD                                       5       1       1       2   .abs_section_5
     _PTDD                                        6       1       1       0   .abs_section_6
     _PTDDD                                       7       1       1       2   .abs_section_7
     _PTED                                        8       1       1       1   .abs_section_8
     _PTEDD                                       9       1       1       2   .abs_section_9
     _PTFD                                        A       1       1       2   .abs_section_a
     _PTFDD                                       B       1       1       2   .abs_section_b
     _PTGD                                        C       1       1       2   .abs_section_c
     _PTGDD                                       D       1       1       2   .abs_section_d
     _ACMPSC                                      E       1       1       0   .abs_section_e
     _ADCSC1                                     10       1       1       3   .abs_section_10
     _ADCSC2                                     11       1       1       0   .abs_section_11
     _ADCCFG                                     16       1       1       1   .abs_section_16
     _APCTL1                                     17       1       1       2   .abs_section_17
     _APCTL2                                     18       1       1       2   .abs_section_18
     _IRQSC                                      1B       1       1       0   .abs_section_1b
     _KBISC                                      1C       1       1       0   .abs_section_1c
     _KBIPE                                      1D       1       1       0   .abs_section_1d
     _KBIES                                      1E       1       1       0   .abs_section_1e
     _TPM1SC                                     20       1       1       0   .abs_section_20
     _TPM1C0SC                                   25       1       1       0   .abs_section_25
     _TPM1C1SC                                   28       1       1       0   .abs_section_28
     _TPM1C2SC                                   2B       1       1       0   .abs_section_2b
     _TPM1C3SC                                   2E       1       1       0   .abs_section_2e
     _SCI1C1                                     3A       1       1       0   .abs_section_3a
     _SCI1C2                                     3B       1       1       0   .abs_section_3b
     _SCI1S1                                     3C       1       1       0   .abs_section_3c
     _SCI1S2                                     3D       1       1       0   .abs_section_3d
     _SCI1C3                                     3E       1       1       0   .abs_section_3e
     _SCI1D                                      3F       1       1       0   .abs_section_3f
     _SCI2C1                                     42       1       1       1   .abs_section_42
     _SCI2C2                                     43       1       1       3   .abs_section_43
     _SCI2S1                                     44       1       1       0   .abs_section_44
     _SCI2S2                                     45       1       1       1   .abs_section_45
     _SCI2C3                                     46       1       1       1   .abs_section_46
     _SCI2D                                      47       1       1       0   .abs_section_47
     _MCGC1                                      48       1       1       1   .abs_section_48
     _MCGC2                                      49       1       1       1   .abs_section_49
     _MCGTRM                                     4A       1       1       1   .abs_section_4a
     _MCGSC                                      4B       1       1       4   .abs_section_4b
     _MCGC3                                      4C       1       1       1   .abs_section_4c
     _SPI1C1                                     50       1       1       2   .abs_section_50
     _SPI1C2                                     51       1       1       1   .abs_section_51
     _SPI1BR                                     52       1       1       1   .abs_section_52
     _SPI1S                                      53       1       1       2   .abs_section_53
     _IICA                                       58       1       1       0   .abs_section_58
     _IICF                                       59       1       1       0   .abs_section_59
     _IICC1                                      5A       1       1       0   .abs_section_5a
     _IICS                                       5B       1       1       0   .abs_section_5b
     _IICD                                       5C       1       1       0   .abs_section_5c
     _IICC2                                      5D       1       1       0   .abs_section_5d
     _TPM2SC                                     60       1       1       2   .abs_section_60
     _TPM2C0SC                                   65       1       1       2   .abs_section_65
     _TPM2C1SC                                   68       1       1       0   .abs_section_68
     _RTCSC                                      6C       1       1       0   .abs_section_6c
     _RTCCNT                                     6D       1       1       0   .abs_section_6d
     _RTCMOD                                     6E       1       1       0   .abs_section_6e
     _SPI2C1                                     70       1       1       0   .abs_section_70
     _SPI2C2                                     71       1       1       0   .abs_section_71
     _SPI2BR                                     72       1       1       0   .abs_section_72
     _SPI2S                                      73       1       1       0   .abs_section_73
     _USBCTL0                                    80       1       1       0   .abs_section_80
     _PERID                                      88       1       1       0   .abs_section_88
     _IDCOMP                                     89       1       1       0   .abs_section_89
     _REV                                        8A       1       1       0   .abs_section_8a
     _INTSTAT                                    90       1       1       0   .abs_section_90
     _INTENB                                     91       1       1       0   .abs_section_91
     _ERRSTAT                                    92       1       1       0   .abs_section_92
     _ERRENB                                     93       1       1       0   .abs_section_93
     _STAT                                       94       1       1       0   .abs_section_94
     _CTL                                        95       1       1       0   .abs_section_95
     _ADDR                                       96       1       1       0   .abs_section_96
     _FRMNUML                                    97       1       1       0   .abs_section_97
     _FRMNUMH                                    98       1       1       0   .abs_section_98
     _EPCTL0                                     9D       1       1       0   .abs_section_9d
     _EPCTL1                                     9E       1       1       0   .abs_section_9e
     _EPCTL2                                     9F       1       1       0   .abs_section_9f
     _EPCTL3                                     A0       1       1       0   .abs_section_a0
     _EPCTL4                                     A1       1       1       0   .abs_section_a1
     _EPCTL5                                     A2       1       1       0   .abs_section_a2
     _EPCTL6                                     A3       1       1       0   .abs_section_a3
     _SRS                                      1800       1       1       0   .abs_section_1800
     _SBDFR                                    1801       1       1       0   .abs_section_1801
     _SOPT1                                    1802       1       1       1   .abs_section_1802
     _SOPT2                                    1803       1       1       1   .abs_section_1803
     _SPMSC1                                   1809       1       1       1   .abs_section_1809
     _SPMSC2                                   180A       1       1       1   .abs_section_180a
     _DBGC                                     1816       1       1       0   .abs_section_1816
     _DBGT                                     1817       1       1       0   .abs_section_1817
     _DBGS                                     1818       1       1       0   .abs_section_1818
     _FCDIV                                    1820       1       1       0   .abs_section_1820
     _FOPT                                     1821       1       1       0   .abs_section_1821
     _FCNFG                                    1823       1       1       0   .abs_section_1823
     _FPROT                                    1824       1       1       0   .abs_section_1824
     _FSTAT                                    1825       1       1       0   .abs_section_1825
     _FCMD                                     1826       1       1       0   .abs_section_1826
     _PTAPE                                    1840       1       1       0   .abs_section_1840
     _PTASE                                    1841       1       1       0   .abs_section_1841
     _PTADS                                    1842       1       1       0   .abs_section_1842
     _PTBPE                                    1844       1       1       0   .abs_section_1844
     _PTBSE                                    1845       1       1       1   .abs_section_1845
     _PTBDS                                    1846       1       1       1   .abs_section_1846
     _PTCPE                                    1848       1       1       0   .abs_section_1848
     _PTCSE                                    1849       1       1       1   .abs_section_1849
     _PTCDS                                    184A       1       1       1   .abs_section_184a
     _PTDPE                                    184C       1       1       0   .abs_section_184c
     _PTDSE                                    184D       1       1       1   .abs_section_184d
     _PTDDS                                    184E       1       1       1   .abs_section_184e
     _PTEPE                                    1850       1       1       0   .abs_section_1850
     _PTESE                                    1851       1       1       1   .abs_section_1851
     _PTEDS                                    1852       1       1       1   .abs_section_1852
     _PTFPE                                    1854       1       1       1   .abs_section_1854
     _PTFSE                                    1855       1       1       1   .abs_section_1855
     _PTFDS                                    1856       1       1       1   .abs_section_1856
     _PTGPE                                    1858       1       1       1   .abs_section_1858
     _PTGSE                                    1859       1       1       1   .abs_section_1859
     _PTGDS                                    185A       1       1       1   .abs_section_185a
     _ADCR                                       12       2       2       3   .abs_section_12
     _ADCCV                                      14       2       2       0   .abs_section_14
     _TPM1CNT                                    21       2       2       0   .abs_section_21
     _TPM1MOD                                    23       2       2       0   .abs_section_23
     _TPM1C0V                                    26       2       2       0   .abs_section_26
     _TPM1C1V                                    29       2       2       0   .abs_section_29
     _TPM1C2V                                    2C       2       2       0   .abs_section_2c
     _TPM1C3V                                    2F       2       2       0   .abs_section_2f
     _SCI1BD                                     38       2       2       0   .abs_section_38
     _SCI2BD                                     40       2       2       2   .abs_section_40
     _SPI1D16                                    54       2       2       2   .abs_section_54
     _SPI1M                                      56       2       2       0   .abs_section_56
     _TPM2CNT                                    61       2       2       1   .abs_section_61
     _TPM2MOD                                    63       2       2       1   .abs_section_63
     _TPM2C0V                                    66       2       2       2   .abs_section_66
     _TPM2C1V                                    69       2       2       0   .abs_section_69
     _SPI2D16                                    74       2       2       0   .abs_section_74
     _SPI2M                                      76       2       2       0   .abs_section_76
     _SDID                                     1806       2       2       0   .abs_section_1806
     _DBGCA                                    1810       2       2       0   .abs_section_1810
     _DBGCB                                    1812       2       2       0   .abs_section_1812
     _DBGF                                     1814       2       2       0   .abs_section_1814
MODULE:                 -- PE_Cnvrt_c.obj --
- PROCEDURES:
     PE_Cnvrt_Init                             1AF1      11      17       1   .text       
     PE_Cnvrt_InterruptInternal                1B02      A5     165       3   .text       
     PE_Cnvrt_SetSpe                           1BA7      11      17       4   .text       
     PE_Cnvrt_SetPro                           1BB8      1D      29       2   .text       
     PE_Cnvrt_RunSta                           1BD5      23      35       2   .text       
     PE_Cnvrt_RunSto                           1BF8      1E      30       4   .text       
     PE_Cnvrt_Interrupt                        1C16       6       6       1   .text       
- VARIABLES:
     PE_Cnvrt_ChCode                           1DBF       4       4       1   .rodata     
     PE_Cnvrt_EnChan                             D0       1       1      12   .bss        
     PE_Cnvrt_EnChanFlags                        D1       1       1       6   .bss        
     PE_Cnvrt_CnvLck                             D2       1       1       8   .bss        
     PE_Cnvrt_ChSpee                             D3       4       4       2   .bss        
     PE_Cnvrt_ChRun                              D7       1       1       9   .bss        
     PE_Cnvrt_Mux                                D8       1       1       9   .bss        
     PE_Cnvrt_ChPro                              D9       4       4       4   .bss        
     PE_Cnvrt_ADResults                          E6       8       8       8   .common     
MODULE:                 -- Vectors_c.obj --
- PROCEDURES:
- VARIABLES:
     _vect                                     FFC4      3C      60       0   .abs_section_ffc4
MODULE:                 -- accelerometer_c.obj --
- PROCEDURES:
     ClrSumV                                   1C1C       C      12       2   .text       
     SetOutV                                   1C28      2B      43       1   .text       
     HWEnDi                                    1C53      25      37       1   .text       
     accelerometer_Interrupt                   1C78      1A      26       1   .text       
     accelerometer_Init                        1C92      24      36       1   .text       
- VARIABLES:
     OutFlg                                      DD       1       1       3   .bss        
     ModeFlg                                     DE       1       1       5   .bss        
     accelerometer_SumV                          EE       6       6       9   .common     
     accelerometer_OutV                          F4       6       6       3   .common     
MODULE:                 -- batteryMonitor_c.obj --
- PROCEDURES:
     SetOutV                                   1CB6      20      32       1   .text       
     HWEnDi                                    1CD6      28      40       1   .text       
     batteryMonitor_Interrupt                  1CFE       E      14       1   .text       
     batteryMonitor_Init                       1D0C      18      24       1   .text       
- VARIABLES:
     OutFlg                                      DF       1       1       3   .bss        
     ModeFlg                                     E0       1       1       5   .bss        
     batteryMonitor_SumV                         FA       2       2       4   .common     
     batteryMonitor_OutV                         FC       2       2       1   .common     
MODULE:                 -- massStorageSerial_c.obj --
- PROCEDURES:
     massStorageSerial_Init                    1D24      18      24       1   .text       
- VARIABLES:
     SerSlv                                      E1       1       1       1   .bss        
MODULE:                 -- samplingTimer_c.obj --
- PROCEDURES:
     samplingTimer_Init                        1D3C      14      20       1   .text       
     samplingTimer_Interrupt                   1D50       8       8       1   .text       
- VARIABLES:
MODULE:                 -- wirelessSerial_c.obj --
- PROCEDURES:
     wirelessSerial_Interrupt                  1D58      52      82       1   .text       
     wirelessSerial_Init                       1DAA      15      21       1   .text       
- VARIABLES:
     SerFlag                                     E2       1       1       5   .bss        
     ErrFlag                                     E3       1       1       3   .bss        
     BufferRead                                  E4       1       1       1   .bss        

*********************************************************************************************
MODULE STATISTIC
  Name                                      Data   Code  Const
---------------------------------------------------------------------------------------------
  Events_c.obj                                 0      6      0
  ProcessorExpert_c.obj                        0      5      0
  start08_c.obj                                0    132      0
  Cpu_c.obj                                    1    240      2
  IO_Map_c.obj                               166      0      0
  PE_Cnvrt_c.obj                              21    299      4
  Vectors_c.obj                                0      0     60
  accelerometer_c.obj                         14    154      0
  batteryMonitor_c.obj                         6    110      0
  massStorageSerial_c.obj                      1     24      0
  samplingTimer_c.obj                          0     28      0
  wirelessSerial_c.obj                         3    103      0
  other                                      128     18      2

*********************************************************************************************
SECTION USE IN OBJECT-ALLOCATION SECTION
---------------------------------------------------------------------------------------------
SECTION: ".text"
  wirelessSerial_OnRxChar wirelessSerial_OnTxChar wirelessSerial_OnError 
  batteryMonitor_OnEnd accelerometer_OnEnd samplingTimer_OnInterrupt main 
  loadByte Init _Startup PE_Cnvrt_Init PE_Cnvrt_InterruptInternal 
  PE_Cnvrt_SetSpe PE_Cnvrt_SetPro PE_Cnvrt_RunSta PE_Cnvrt_RunSto 
  PE_Cnvrt_Interrupt ClrSumV SetOutV HWEnDi accelerometer_Interrupt 
  accelerometer_Init SetOutV HWEnDi batteryMonitor_Interrupt 
  batteryMonitor_Init massStorageSerial_Init samplingTimer_Init 
  samplingTimer_Interrupt wirelessSerial_Interrupt wirelessSerial_Init 
SECTION: ".bss"
  PE_Cnvrt_EnChan PE_Cnvrt_EnChanFlags PE_Cnvrt_CnvLck PE_Cnvrt_ChSpee 
  PE_Cnvrt_ChRun PE_Cnvrt_Mux PE_Cnvrt_ChPro OutFlg ModeFlg OutFlg ModeFlg 
  SerSlv SerFlag ErrFlag BufferRead 
SECTION: ".init"
  Cpu_Interrupt _EntryPoint PE_low_level_init 
SECTION: ".rodata"
  PE_Cnvrt_ChCode 
SECTION: ".abs_section_ffbd"
  NVPROT_INIT 
SECTION: ".abs_section_ffbf"
  NVOPT_INIT 
SECTION: ".common"
  CCR_reg PE_Cnvrt_ADResults accelerometer_SumV accelerometer_OutV 
  batteryMonitor_SumV batteryMonitor_OutV 
SECTION: ".abs_section_0"
  _PTAD 
SECTION: ".abs_section_1"
  _PTADD 
SECTION: ".abs_section_2"
  _PTBD 
SECTION: ".abs_section_3"
  _PTBDD 
SECTION: ".abs_section_4"
  _PTCD 
SECTION: ".abs_section_5"
  _PTCDD 
SECTION: ".abs_section_6"
  _PTDD 
SECTION: ".abs_section_7"
  _PTDDD 
SECTION: ".abs_section_8"
  _PTED 
SECTION: ".abs_section_9"
  _PTEDD 
SECTION: ".abs_section_a"
  _PTFD 
SECTION: ".abs_section_b"
  _PTFDD 
SECTION: ".abs_section_c"
  _PTGD 
SECTION: ".abs_section_d"
  _PTGDD 
SECTION: ".abs_section_e"
  _ACMPSC 
SECTION: ".abs_section_10"
  _ADCSC1 
SECTION: ".abs_section_11"
  _ADCSC2 
SECTION: ".abs_section_16"
  _ADCCFG 
SECTION: ".abs_section_17"
  _APCTL1 
SECTION: ".abs_section_18"
  _APCTL2 
SECTION: ".abs_section_1b"
  _IRQSC 
SECTION: ".abs_section_1c"
  _KBISC 
SECTION: ".abs_section_1d"
  _KBIPE 
SECTION: ".abs_section_1e"
  _KBIES 
SECTION: ".abs_section_20"
  _TPM1SC 
SECTION: ".abs_section_25"
  _TPM1C0SC 
SECTION: ".abs_section_28"
  _TPM1C1SC 
SECTION: ".abs_section_2b"
  _TPM1C2SC 
SECTION: ".abs_section_2e"
  _TPM1C3SC 
SECTION: ".abs_section_3a"
  _SCI1C1 
SECTION: ".abs_section_3b"
  _SCI1C2 
SECTION: ".abs_section_3c"
  _SCI1S1 
SECTION: ".abs_section_3d"
  _SCI1S2 
SECTION: ".abs_section_3e"
  _SCI1C3 
SECTION: ".abs_section_3f"
  _SCI1D 
SECTION: ".abs_section_42"
  _SCI2C1 
SECTION: ".abs_section_43"
  _SCI2C2 
SECTION: ".abs_section_44"
  _SCI2S1 
SECTION: ".abs_section_45"
  _SCI2S2 
SECTION: ".abs_section_46"
  _SCI2C3 
SECTION: ".abs_section_47"
  _SCI2D 
SECTION: ".abs_section_48"
  _MCGC1 
SECTION: ".abs_section_49"
  _MCGC2 
SECTION: ".abs_section_4a"
  _MCGTRM 
SECTION: ".abs_section_4b"
  _MCGSC 
SECTION: ".abs_section_4c"
  _MCGC3 
SECTION: ".abs_section_50"
  _SPI1C1 
SECTION: ".abs_section_51"
  _SPI1C2 
SECTION: ".abs_section_52"
  _SPI1BR 
SECTION: ".abs_section_53"
  _SPI1S 
SECTION: ".abs_section_58"
  _IICA 
SECTION: ".abs_section_59"
  _IICF 
SECTION: ".abs_section_5a"
  _IICC1 
SECTION: ".abs_section_5b"
  _IICS 
SECTION: ".abs_section_5c"
  _IICD 
SECTION: ".abs_section_5d"
  _IICC2 
SECTION: ".abs_section_60"
  _TPM2SC 
SECTION: ".abs_section_65"
  _TPM2C0SC 
SECTION: ".abs_section_68"
  _TPM2C1SC 
SECTION: ".abs_section_6c"
  _RTCSC 
SECTION: ".abs_section_6d"
  _RTCCNT 
SECTION: ".abs_section_6e"
  _RTCMOD 
SECTION: ".abs_section_70"
  _SPI2C1 
SECTION: ".abs_section_71"
  _SPI2C2 
SECTION: ".abs_section_72"
  _SPI2BR 
SECTION: ".abs_section_73"
  _SPI2S 
SECTION: ".abs_section_80"
  _USBCTL0 
SECTION: ".abs_section_88"
  _PERID 
SECTION: ".abs_section_89"
  _IDCOMP 
SECTION: ".abs_section_8a"
  _REV 
SECTION: ".abs_section_90"
  _INTSTAT 
SECTION: ".abs_section_91"
  _INTENB 
SECTION: ".abs_section_92"
  _ERRSTAT 
SECTION: ".abs_section_93"
  _ERRENB 
SECTION: ".abs_section_94"
  _STAT 
SECTION: ".abs_section_95"
  _CTL 
SECTION: ".abs_section_96"
  _ADDR 
SECTION: ".abs_section_97"
  _FRMNUML 
SECTION: ".abs_section_98"
  _FRMNUMH 
SECTION: ".abs_section_9d"
  _EPCTL0 
SECTION: ".abs_section_9e"
  _EPCTL1 
SECTION: ".abs_section_9f"
  _EPCTL2 
SECTION: ".abs_section_a0"
  _EPCTL3 
SECTION: ".abs_section_a1"
  _EPCTL4 
SECTION: ".abs_section_a2"
  _EPCTL5 
SECTION: ".abs_section_a3"
  _EPCTL6 
SECTION: ".abs_section_1800"
  _SRS 
SECTION: ".abs_section_1801"
  _SBDFR 
SECTION: ".abs_section_1802"
  _SOPT1 
SECTION: ".abs_section_1803"
  _SOPT2 
SECTION: ".abs_section_1809"
  _SPMSC1 
SECTION: ".abs_section_180a"
  _SPMSC2 
SECTION: ".abs_section_1816"
  _DBGC 
SECTION: ".abs_section_1817"
  _DBGT 
SECTION: ".abs_section_1818"
  _DBGS 
SECTION: ".abs_section_1820"
  _FCDIV 
SECTION: ".abs_section_1821"
  _FOPT 
SECTION: ".abs_section_1823"
  _FCNFG 
SECTION: ".abs_section_1824"
  _FPROT 
SECTION: ".abs_section_1825"
  _FSTAT 
SECTION: ".abs_section_1826"
  _FCMD 
SECTION: ".abs_section_1840"
  _PTAPE 
SECTION: ".abs_section_1841"
  _PTASE 
SECTION: ".abs_section_1842"
  _PTADS 
SECTION: ".abs_section_1844"
  _PTBPE 
SECTION: ".abs_section_1845"
  _PTBSE 
SECTION: ".abs_section_1846"
  _PTBDS 
SECTION: ".abs_section_1848"
  _PTCPE 
SECTION: ".abs_section_1849"
  _PTCSE 
SECTION: ".abs_section_184a"
  _PTCDS 
SECTION: ".abs_section_184c"
  _PTDPE 
SECTION: ".abs_section_184d"
  _PTDSE 
SECTION: ".abs_section_184e"
  _PTDDS 
SECTION: ".abs_section_1850"
  _PTEPE 
SECTION: ".abs_section_1851"
  _PTESE 
SECTION: ".abs_section_1852"
  _PTEDS 
SECTION: ".abs_section_1854"
  _PTFPE 
SECTION: ".abs_section_1855"
  _PTFSE 
SECTION: ".abs_section_1856"
  _PTFDS 
SECTION: ".abs_section_1858"
  _PTGPE 
SECTION: ".abs_section_1859"
  _PTGSE 
SECTION: ".abs_section_185a"
  _PTGDS 
SECTION: ".abs_section_12"
  _ADCR 
SECTION: ".abs_section_14"
  _ADCCV 
SECTION: ".abs_section_21"
  _TPM1CNT 
SECTION: ".abs_section_23"
  _TPM1MOD 
SECTION: ".abs_section_26"
  _TPM1C0V 
SECTION: ".abs_section_29"
  _TPM1C1V 
SECTION: ".abs_section_2c"
  _TPM1C2V 
SECTION: ".abs_section_2f"
  _TPM1C3V 
SECTION: ".abs_section_38"
  _SCI1BD 
SECTION: ".abs_section_40"
  _SCI2BD 
SECTION: ".abs_section_54"
  _SPI1D16 
SECTION: ".abs_section_56"
  _SPI1M 
SECTION: ".abs_section_61"
  _TPM2CNT 
SECTION: ".abs_section_63"
  _TPM2MOD 
SECTION: ".abs_section_66"
  _TPM2C0V 
SECTION: ".abs_section_69"
  _TPM2C1V 
SECTION: ".abs_section_74"
  _SPI2D16 
SECTION: ".abs_section_76"
  _SPI2M 
SECTION: ".abs_section_1806"
  _SDID 
SECTION: ".abs_section_1810"
  _DBGCA 
SECTION: ".abs_section_1812"
  _DBGCB 
SECTION: ".abs_section_1814"
  _DBGF 
SECTION: ".abs_section_ffc4"
  _vect 

*********************************************************************************************
OBJECT LIST SORTED BY ADDRESS
     Name                                      Addr   hSize   dSize     Ref    Section   RLIB
---------------------------------------------------------------------------------------------
     _PTAD                                        0       1       1       0   .abs_section_0
     _PTADD                                       1       1       1       2   .abs_section_1
     _PTBD                                        2       1       1       0   .abs_section_2
     _PTBDD                                       3       1       1       2   .abs_section_3
     _PTCD                                        4       1       1       1   .abs_section_4
     _PTCDD                                       5       1       1       2   .abs_section_5
     _PTDD                                        6       1       1       0   .abs_section_6
     _PTDDD                                       7       1       1       2   .abs_section_7
     _PTED                                        8       1       1       1   .abs_section_8
     _PTEDD                                       9       1       1       2   .abs_section_9
     _PTFD                                        A       1       1       2   .abs_section_a
     _PTFDD                                       B       1       1       2   .abs_section_b
     _PTGD                                        C       1       1       2   .abs_section_c
     _PTGDD                                       D       1       1       2   .abs_section_d
     _ACMPSC                                      E       1       1       0   .abs_section_e
     _ADCSC1                                     10       1       1       3   .abs_section_10
     _ADCSC2                                     11       1       1       0   .abs_section_11
     _ADCR                                       12       2       2       3   .abs_section_12
     _ADCCV                                      14       2       2       0   .abs_section_14
     _ADCCFG                                     16       1       1       1   .abs_section_16
     _APCTL1                                     17       1       1       2   .abs_section_17
     _APCTL2                                     18       1       1       2   .abs_section_18
     _IRQSC                                      1B       1       1       0   .abs_section_1b
     _KBISC                                      1C       1       1       0   .abs_section_1c
     _KBIPE                                      1D       1       1       0   .abs_section_1d
     _KBIES                                      1E       1       1       0   .abs_section_1e
     _TPM1SC                                     20       1       1       0   .abs_section_20
     _TPM1CNT                                    21       2       2       0   .abs_section_21
     _TPM1MOD                                    23       2       2       0   .abs_section_23
     _TPM1C0SC                                   25       1       1       0   .abs_section_25
     _TPM1C0V                                    26       2       2       0   .abs_section_26
     _TPM1C1SC                                   28       1       1       0   .abs_section_28
     _TPM1C1V                                    29       2       2       0   .abs_section_29
     _TPM1C2SC                                   2B       1       1       0   .abs_section_2b
     _TPM1C2V                                    2C       2       2       0   .abs_section_2c
     _TPM1C3SC                                   2E       1       1       0   .abs_section_2e
     _TPM1C3V                                    2F       2       2       0   .abs_section_2f
     _SCI1BD                                     38       2       2       0   .abs_section_38
     _SCI1C1                                     3A       1       1       0   .abs_section_3a
     _SCI1C2                                     3B       1       1       0   .abs_section_3b
     _SCI1S1                                     3C       1       1       0   .abs_section_3c
     _SCI1S2                                     3D       1       1       0   .abs_section_3d
     _SCI1C3                                     3E       1       1       0   .abs_section_3e
     _SCI1D                                      3F       1       1       0   .abs_section_3f
     _SCI2BD                                     40       2       2       2   .abs_section_40
     _SCI2C1                                     42       1       1       1   .abs_section_42
     _SCI2C2                                     43       1       1       3   .abs_section_43
     _SCI2S1                                     44       1       1       0   .abs_section_44
     _SCI2S2                                     45       1       1       1   .abs_section_45
     _SCI2C3                                     46       1       1       1   .abs_section_46
     _SCI2D                                      47       1       1       0   .abs_section_47
     _MCGC1                                      48       1       1       1   .abs_section_48
     _MCGC2                                      49       1       1       1   .abs_section_49
     _MCGTRM                                     4A       1       1       1   .abs_section_4a
     _MCGSC                                      4B       1       1       4   .abs_section_4b
     _MCGC3                                      4C       1       1       1   .abs_section_4c
     _SPI1C1                                     50       1       1       2   .abs_section_50
     _SPI1C2                                     51       1       1       1   .abs_section_51
     _SPI1BR                                     52       1       1       1   .abs_section_52
     _SPI1S                                      53       1       1       2   .abs_section_53
     _SPI1D16                                    54       2       2       2   .abs_section_54
     _SPI1M                                      56       2       2       0   .abs_section_56
     _IICA                                       58       1       1       0   .abs_section_58
     _IICF                                       59       1       1       0   .abs_section_59
     _IICC1                                      5A       1       1       0   .abs_section_5a
     _IICS                                       5B       1       1       0   .abs_section_5b
     _IICD                                       5C       1       1       0   .abs_section_5c
     _IICC2                                      5D       1       1       0   .abs_section_5d
     _TPM2SC                                     60       1       1       2   .abs_section_60
     _TPM2CNT                                    61       2       2       1   .abs_section_61
     _TPM2MOD                                    63       2       2       1   .abs_section_63
     _TPM2C0SC                                   65       1       1       2   .abs_section_65
     _TPM2C0V                                    66       2       2       2   .abs_section_66
     _TPM2C1SC                                   68       1       1       0   .abs_section_68
     _TPM2C1V                                    69       2       2       0   .abs_section_69
     _RTCSC                                      6C       1       1       0   .abs_section_6c
     _RTCCNT                                     6D       1       1       0   .abs_section_6d
     _RTCMOD                                     6E       1       1       0   .abs_section_6e
     _SPI2C1                                     70       1       1       0   .abs_section_70
     _SPI2C2                                     71       1       1       0   .abs_section_71
     _SPI2BR                                     72       1       1       0   .abs_section_72
     _SPI2S                                      73       1       1       0   .abs_section_73
     _SPI2D16                                    74       2       2       0   .abs_section_74
     _SPI2M                                      76       2       2       0   .abs_section_76
     _USBCTL0                                    80       1       1       0   .abs_section_80
     _PERID                                      88       1       1       0   .abs_section_88
     _IDCOMP                                     89       1       1       0   .abs_section_89
     _REV                                        8A       1       1       0   .abs_section_8a
     _INTSTAT                                    90       1       1       0   .abs_section_90
     _INTENB                                     91       1       1       0   .abs_section_91
     _ERRSTAT                                    92       1       1       0   .abs_section_92
     _ERRENB                                     93       1       1       0   .abs_section_93
     _STAT                                       94       1       1       0   .abs_section_94
     _CTL                                        95       1       1       0   .abs_section_95
     _ADDR                                       96       1       1       0   .abs_section_96
     _FRMNUML                                    97       1       1       0   .abs_section_97
     _FRMNUMH                                    98       1       1       0   .abs_section_98
     _EPCTL0                                     9D       1       1       0   .abs_section_9d
     _EPCTL1                                     9E       1       1       0   .abs_section_9e
     _EPCTL2                                     9F       1       1       0   .abs_section_9f
     _EPCTL3                                     A0       1       1       0   .abs_section_a0
     _EPCTL4                                     A1       1       1       0   .abs_section_a1
     _EPCTL5                                     A2       1       1       0   .abs_section_a2
     _EPCTL6                                     A3       1       1       0   .abs_section_a3
     PE_Cnvrt_EnChan                             D0       1       1      12   .bss        
     PE_Cnvrt_EnChanFlags                        D1       1       1       6   .bss        
     PE_Cnvrt_CnvLck                             D2       1       1       8   .bss        
     PE_Cnvrt_ChSpee                             D3       4       4       2   .bss        
     PE_Cnvrt_ChRun                              D7       1       1       9   .bss        
     PE_Cnvrt_Mux                                D8       1       1       9   .bss        
     PE_Cnvrt_ChPro                              D9       4       4       4   .bss        
     OutFlg                                      DD       1       1       3   .bss        
     ModeFlg                                     DE       1       1       5   .bss        
     OutFlg                                      DF       1       1       3   .bss        
     ModeFlg                                     E0       1       1       5   .bss        
     SerSlv                                      E1       1       1       1   .bss        
     SerFlag                                     E2       1       1       5   .bss        
     ErrFlag                                     E3       1       1       3   .bss        
     BufferRead                                  E4       1       1       1   .bss        
     CCR_reg                                     E5       1       1       4   .common     
     PE_Cnvrt_ADResults                          E6       8       8       8   .common     
     accelerometer_SumV                          EE       6       6       9   .common     
     accelerometer_OutV                          F4       6       6       3   .common     
     batteryMonitor_SumV                         FA       2       2       4   .common     
     batteryMonitor_OutV                         FC       2       2       1   .common     
     _SRS                                      1800       1       1       0   .abs_section_1800
     _SBDFR                                    1801       1       1       0   .abs_section_1801
     _SOPT1                                    1802       1       1       1   .abs_section_1802
     _SOPT2                                    1803       1       1       1   .abs_section_1803
     _SDID                                     1806       2       2       0   .abs_section_1806
     _SPMSC1                                   1809       1       1       1   .abs_section_1809
     _SPMSC2                                   180A       1       1       1   .abs_section_180a
     _DBGCA                                    1810       2       2       0   .abs_section_1810
     _DBGCB                                    1812       2       2       0   .abs_section_1812
     _DBGF                                     1814       2       2       0   .abs_section_1814
     _DBGC                                     1816       1       1       0   .abs_section_1816
     _DBGT                                     1817       1       1       0   .abs_section_1817
     _DBGS                                     1818       1       1       0   .abs_section_1818
     _FCDIV                                    1820       1       1       0   .abs_section_1820
     _FOPT                                     1821       1       1       0   .abs_section_1821
     _FCNFG                                    1823       1       1       0   .abs_section_1823
     _FPROT                                    1824       1       1       0   .abs_section_1824
     _FSTAT                                    1825       1       1       0   .abs_section_1825
     _FCMD                                     1826       1       1       0   .abs_section_1826
     _PTAPE                                    1840       1       1       0   .abs_section_1840
     _PTASE                                    1841       1       1       0   .abs_section_1841
     _PTADS                                    1842       1       1       0   .abs_section_1842
     _PTBPE                                    1844       1       1       0   .abs_section_1844
     _PTBSE                                    1845       1       1       1   .abs_section_1845
     _PTBDS                                    1846       1       1       1   .abs_section_1846
     _PTCPE                                    1848       1       1       0   .abs_section_1848
     _PTCSE                                    1849       1       1       1   .abs_section_1849
     _PTCDS                                    184A       1       1       1   .abs_section_184a
     _PTDPE                                    184C       1       1       0   .abs_section_184c
     _PTDSE                                    184D       1       1       1   .abs_section_184d
     _PTDDS                                    184E       1       1       1   .abs_section_184e
     _PTEPE                                    1850       1       1       0   .abs_section_1850
     _PTESE                                    1851       1       1       1   .abs_section_1851
     _PTEDS                                    1852       1       1       1   .abs_section_1852
     _PTFPE                                    1854       1       1       1   .abs_section_1854
     _PTFSE                                    1855       1       1       1   .abs_section_1855
     _PTFDS                                    1856       1       1       1   .abs_section_1856
     _PTGPE                                    1858       1       1       1   .abs_section_1858
     _PTGSE                                    1859       1       1       1   .abs_section_1859
     _PTGDS                                    185A       1       1       1   .abs_section_185a
     Cpu_Interrupt                             1960       4       4      26   .init       
     _EntryPoint                               1964      3B      59       1   .init       
     PE_low_level_init                         199F      B1     177       1   .init       
     wirelessSerial_OnRxChar                   1A62       1       1       1   .text       
     wirelessSerial_OnTxChar                   1A63       1       1       1   .text       
     wirelessSerial_OnError                    1A64       1       1       1   .text       
     batteryMonitor_OnEnd                      1A65       1       1       1   .text       
     accelerometer_OnEnd                       1A66       1       1       1   .text       
     samplingTimer_OnInterrupt                 1A67       1       1       1   .text       
     main                                      1A68       5       5       1   .text       
     loadByte                                  1A6D       E      14       5   .text       
     Init                                      1A7B      6D     109       1   .text       
     _Startup                                  1AE8       9       9       1   .text       
     PE_Cnvrt_Init                             1AF1      11      17       1   .text       
     PE_Cnvrt_InterruptInternal                1B02      A5     165       3   .text       
     PE_Cnvrt_SetSpe                           1BA7      11      17       4   .text       
     PE_Cnvrt_SetPro                           1BB8      1D      29       2   .text       
     PE_Cnvrt_RunSta                           1BD5      23      35       2   .text       
     PE_Cnvrt_RunSto                           1BF8      1E      30       4   .text       
     PE_Cnvrt_Interrupt                        1C16       6       6       1   .text       
     ClrSumV                                   1C1C       C      12       2   .text       
     SetOutV                                   1C28      2B      43       1   .text       
     HWEnDi                                    1C53      25      37       1   .text       
     accelerometer_Interrupt                   1C78      1A      26       1   .text       
     accelerometer_Init                        1C92      24      36       1   .text       
     SetOutV                                   1CB6      20      32       1   .text       
     HWEnDi                                    1CD6      28      40       1   .text       
     batteryMonitor_Interrupt                  1CFE       E      14       1   .text       
     batteryMonitor_Init                       1D0C      18      24       1   .text       
     massStorageSerial_Init                    1D24      18      24       1   .text       
     samplingTimer_Init                        1D3C      14      20       1   .text       
     samplingTimer_Interrupt                   1D50       8       8       1   .text       
     wirelessSerial_Interrupt                  1D58      52      82       1   .text       
     wirelessSerial_Init                       1DAA      15      21       1   .text       
     PE_Cnvrt_ChCode                           1DBF       4       4       1   .rodata     
     NVPROT_INIT                               FFBD       1       1       0   .abs_section_ffbd
     NVOPT_INIT                                FFBF       1       1       0   .abs_section_ffbf
     _vect                                     FFC4      3C      60       0   .abs_section_ffc4

*********************************************************************************************
UNUSED-OBJECTS SECTION
---------------------------------------------------------------------------------------------
NOT USED PROCEDURES
accelerometer_c.obj:
  accelerometer_Measure accelerometer_GetValue16 
batteryMonitor_c.obj:
  batteryMonitor_Measure batteryMonitor_GetValue16 
massStorageSerial_c.obj:
  massStorageSerial_RecvChar massStorageSerial_SendChar 
  massStorageSerial_SetIdle massStorageSerial_SelectSlave 
  massStorageSerial_GetSelected 
wirelessSerial_c.obj:
  wirelessSerial_RecvChar wirelessSerial_SendChar 
  wirelessSerial_GetCharsInRxBuf wirelessSerial_GetCharsInTxBuf 
  wirelessSerial_GetError 

*********************************************************************************************
COPYDOWN SECTION
---------------------------------------------------------------------------------------------
------- ROM-ADDRESS: 0x1DC3 ---- SIZE       2 ---
Filling bytes inserted
 0000

*********************************************************************************************
OBJECT-DEPENDENCIES SECTION
---------------------------------------------------------------------------------------------
_EntryPoint               USES _SOPT1 _SOPT2 _SPMSC1 _SPMSC2 _MCGTRM _MCGSC 
                                _MCGC2 _MCGC1 _MCGC3 _Startup 
PE_low_level_init         USES _PTCD _PTCDD _PTEDD _PTED _PTGD _PTGPE _PTGDD 
                                _PTFD _PTFPE _PTFDD _APCTL1 _APCTL2 _PTBSE _PTCSE 
                                _PTDSE _PTESE _PTFSE _PTGSE _PTBDS _PTCDS _PTDDS 
                                _PTEDS _PTFDS _PTGDS _PTADD _PTBDD _PTDDD 
                                PE_Cnvrt_Init massStorageSerial_Init wirelessSerial_Init 
                                accelerometer_Init batteryMonitor_Init samplingTimer_Init 
main                      USES PE_low_level_init 
Init                      USES _startupData loadByte 
_Startup                  USES __SEG_END_SSTACK Init main 
PE_Cnvrt_Init             USES PE_Cnvrt_EnChan PE_Cnvrt_EnChanFlags 
                                PE_Cnvrt_CnvLck PE_Cnvrt_Mux PE_Cnvrt_ChRun 
PE_Cnvrt_InterruptInternal USES PE_Cnvrt_CnvLck PE_Cnvrt_InterruptInternal 
                                PE_Cnvrt_EnChan PE_Cnvrt_ChRun PE_Cnvrt_Mux PE_Cnvrt_ADResults 
                                _ADCR PE_Cnvrt_EnChanFlags PE_Cnvrt_ChPro 
                                PE_Cnvrt_ChSpee _ADCCFG PE_Cnvrt_ChCode _ADCSC1 
PE_Cnvrt_SetSpe           USES PE_Cnvrt_CnvLck PE_Cnvrt_ChSpee 
PE_Cnvrt_SetPro           USES PE_Cnvrt_CnvLck PE_Cnvrt_ChPro 
PE_Cnvrt_RunSta           USES PE_Cnvrt_CnvLck PE_Cnvrt_EnChan 
                                PE_Cnvrt_EnChanFlags PE_Cnvrt_ChRun PE_Cnvrt_InterruptInternal 
PE_Cnvrt_RunSto           USES PE_Cnvrt_CnvLck PE_Cnvrt_EnChan _ADCSC1 _ADCR 
                                PE_Cnvrt_ChRun PE_Cnvrt_Mux 
PE_Cnvrt_Interrupt        USES PE_Cnvrt_InterruptInternal 
ClrSumV                   USES accelerometer_SumV 
SetOutV                   USES OutFlg accelerometer_SumV accelerometer_OutV 
                                ClrSumV ModeFlg PE_Cnvrt_RunSto accelerometer_OnEnd 
HWEnDi                    USES OutFlg ClrSumV CCR_reg ModeFlg PE_Cnvrt_RunSta 
                                PE_Cnvrt_RunSto 
accelerometer_Interrupt   USES ModeFlg PE_Cnvrt_ADResults accelerometer_SumV 
                                SetOutV 
accelerometer_Init        USES OutFlg ModeFlg accelerometer_Interrupt 
                                PE_Cnvrt_SetPro PE_Cnvrt_SetSpe HWEnDi 
SetOutV                   USES OutFlg batteryMonitor_SumV batteryMonitor_OutV 
                                ModeFlg PE_Cnvrt_RunSto batteryMonitor_OnEnd 
HWEnDi                    USES OutFlg batteryMonitor_SumV CCR_reg ModeFlg 
                                PE_Cnvrt_RunSta PE_Cnvrt_RunSto 
batteryMonitor_Interrupt  USES ModeFlg PE_Cnvrt_ADResults batteryMonitor_SumV 
                                SetOutV 
batteryMonitor_Init       USES OutFlg ModeFlg batteryMonitor_Interrupt 
                                PE_Cnvrt_SetPro PE_Cnvrt_SetSpe HWEnDi 
massStorageSerial_Init    USES SerSlv _SCI2C1 _SCI2C3 _SCI2C2 _SCI2S2 _SCI2BD 
samplingTimer_Init        USES _TPM2SC _TPM2C0SC _TPM2C0V _TPM2MOD _TPM2CNT 
samplingTimer_Interrupt   USES _TPM2C0SC samplingTimer_OnInterrupt 
wirelessSerial_Interrupt  USES _SPI1S _SPI1D16 SerFlag BufferRead ErrFlag 
                                wirelessSerial_OnError wirelessSerial_OnRxChar 
                                wirelessSerial_OnTxChar 
wirelessSerial_Init       USES SerFlag ErrFlag _SPI1S _SPI1D16 _SPI1BR _SPI1C2 
                                _SPI1C1 
_vect                     USES Cpu_Interrupt PE_Cnvrt_Interrupt 
                                samplingTimer_Interrupt wirelessSerial_Interrupt _EntryPoint 

*********************************************************************************************
DEPENDENCY TREE
*********************************************************************************************
 main and _Startup Group
 | 
 +- main                
 |  | 
 |  +- PE_low_level_init   
 |     | 
 |     +- PE_Cnvrt_Init       
 |     |    
 |     +- massStorageSerial_Init
 |     |    
 |     +- wirelessSerial_Init 
 |     |    
 |     +- accelerometer_Init  
 |     |  | 
 |     |  +- accelerometer_Interrupt
 |     |  |  | 
 |     |  |  +- SetOutV             
 |     |  |     | 
 |     |  |     +- ClrSumV             
 |     |  |     |    
 |     |  |     +- PE_Cnvrt_RunSto     
 |     |  |     |    
 |     |  |     +- accelerometer_OnEnd 
 |     |  |          
 |     |  +- PE_Cnvrt_SetPro     
 |     |  |    
 |     |  +- PE_Cnvrt_SetSpe     
 |     |  |    
 |     |  +- HWEnDi              
 |     |     | 
 |     |     +- ClrSumV              (see above)
 |     |     |  
 |     |     +- PE_Cnvrt_RunSta     
 |     |     |  | 
 |     |     |  +- PE_Cnvrt_InterruptInternal
 |     |     |       
 |     |     +- PE_Cnvrt_RunSto      (see above)
 |     |        
 |     +- batteryMonitor_Init 
 |     |  | 
 |     |  +- batteryMonitor_Interrupt
 |     |  |  | 
 |     |  |  +- SetOutV             
 |     |  |     | 
 |     |  |     +- PE_Cnvrt_RunSto      (see above)
 |     |  |     |  
 |     |  |     +- batteryMonitor_OnEnd
 |     |  |          
 |     |  +- PE_Cnvrt_SetPro      (see above)
 |     |  |  
 |     |  +- PE_Cnvrt_SetSpe      (see above)
 |     |  |  
 |     |  +- HWEnDi              
 |     |     | 
 |     |     +- PE_Cnvrt_RunSta      (see above)
 |     |     |  
 |     |     +- PE_Cnvrt_RunSto      (see above)
 |     |        
 |     +- samplingTimer_Init  
 |          
 +- _EntryPoint         
    | 
    +- _Startup            
       | 
       +- Init                
       |  | 
       |  +- loadByte            
       |       
       +- main                 (see above)
          
 _vect               
 | 
 +- Cpu_Interrupt       
 |    
 +- PE_Cnvrt_Interrupt  
 |  | 
 |  +- PE_Cnvrt_InterruptInternal (see above)
 |     
 +- samplingTimer_Interrupt
 |  | 
 |  +- samplingTimer_OnInterrupt
 |       
 +- wirelessSerial_Interrupt
 |  | 
 |  +- wirelessSerial_OnError
 |  |    
 |  +- wirelessSerial_OnRxChar
 |  |    
 |  +- wirelessSerial_OnTxChar
 |       
 +- _EntryPoint          (see above)
    
*********************************************************************************************
STATISTIC SECTION
---------------------------------------------------------------------------------------------

ExeFile:
--------
Number of blocks to be downloaded: 6
Total size of all blocks to be downloaded: 1187

